Archive member included to satisfy reference by file (symbol)

../../common//libstmcommon.a(system_stm32f4xx.o)
                              ../../common/as/startup_stm32f40_41xxx.o (SystemInit)
../../stm_spl//libstm_spl.a(stm32f4xx_gpio.o)
                              main.o (GPIO_Init)
../../stm_spl//libstm_spl.a(stm32f4xx_exti.o)
                              main.o (EXTI_Init)
../../stm_spl//libstm_spl.a(stm32f4xx_rcc.o)
                              main.o (RCC_AHB1PeriphClockCmd)
../../stm_spl//libstm_spl.a(misc.o)
                              main.o (NVIC_Init)
../../stm_spl//libstm_spl.a(stm32f4xx_syscfg.o)
                              main.o (SYSCFG_EXTILineConfig)
../../stm_spl//libstm_spl.a(stm32f4xx_tim.o)
                              main.o (TIM_TimeBaseInit)

Discarded input sections

 .text          0x0000000000000000        0x0 main.o
 .data          0x0000000000000000        0x0 main.o
 .bss           0x0000000000000000        0x0 main.o
 .text          0x0000000000000000       0x14 ../../common/as/startup_stm32f40_41xxx.o
 .data          0x0000000000000000        0x0 ../../common/as/startup_stm32f40_41xxx.o
 .bss           0x0000000000000000        0x0 ../../common/as/startup_stm32f40_41xxx.o
 .text          0x0000000000000000        0x0 ../../common//libstmcommon.a(system_stm32f4xx.o)
 .data          0x0000000000000000        0x0 ../../common//libstmcommon.a(system_stm32f4xx.o)
 .bss           0x0000000000000000        0x0 ../../common//libstmcommon.a(system_stm32f4xx.o)
 .data.SystemCoreClock
                0x0000000000000000        0x4 ../../common//libstmcommon.a(system_stm32f4xx.o)
 .data.AHBPrescTable
                0x0000000000000000       0x10 ../../common//libstmcommon.a(system_stm32f4xx.o)
 .text.SystemCoreClockUpdate
                0x0000000000000000       0xf8 ../../common//libstmcommon.a(system_stm32f4xx.o)
 .text          0x0000000000000000        0x0 ../../stm_spl//libstm_spl.a(stm32f4xx_gpio.o)
 .data          0x0000000000000000        0x0 ../../stm_spl//libstm_spl.a(stm32f4xx_gpio.o)
 .bss           0x0000000000000000        0x0 ../../stm_spl//libstm_spl.a(stm32f4xx_gpio.o)
 .text.GPIO_DeInit
                0x0000000000000000      0x164 ../../stm_spl//libstm_spl.a(stm32f4xx_gpio.o)
 .text.GPIO_StructInit
                0x0000000000000000       0x34 ../../stm_spl//libstm_spl.a(stm32f4xx_gpio.o)
 .text.GPIO_PinLockConfig
                0x0000000000000000       0x44 ../../stm_spl//libstm_spl.a(stm32f4xx_gpio.o)
 .text.GPIO_ReadInputDataBit
                0x0000000000000000       0x34 ../../stm_spl//libstm_spl.a(stm32f4xx_gpio.o)
 .text.GPIO_ReadInputData
                0x0000000000000000       0x1a ../../stm_spl//libstm_spl.a(stm32f4xx_gpio.o)
 .text.GPIO_ReadOutputDataBit
                0x0000000000000000       0x34 ../../stm_spl//libstm_spl.a(stm32f4xx_gpio.o)
 .text.GPIO_ReadOutputData
                0x0000000000000000       0x1a ../../stm_spl//libstm_spl.a(stm32f4xx_gpio.o)
 .text.GPIO_WriteBit
                0x0000000000000000       0x30 ../../stm_spl//libstm_spl.a(stm32f4xx_gpio.o)
 .text.GPIO_Write
                0x0000000000000000       0x1e ../../stm_spl//libstm_spl.a(stm32f4xx_gpio.o)
 .text.GPIO_ToggleBits
                0x0000000000000000       0x24 ../../stm_spl//libstm_spl.a(stm32f4xx_gpio.o)
 .text.GPIO_PinAFConfig
                0x0000000000000000       0x92 ../../stm_spl//libstm_spl.a(stm32f4xx_gpio.o)
 .text          0x0000000000000000        0x0 ../../stm_spl//libstm_spl.a(stm32f4xx_exti.o)
 .data          0x0000000000000000        0x0 ../../stm_spl//libstm_spl.a(stm32f4xx_exti.o)
 .bss           0x0000000000000000        0x0 ../../stm_spl//libstm_spl.a(stm32f4xx_exti.o)
 .text.EXTI_DeInit
                0x0000000000000000       0x34 ../../stm_spl//libstm_spl.a(stm32f4xx_exti.o)
 .text.EXTI_StructInit
                0x0000000000000000       0x2c ../../stm_spl//libstm_spl.a(stm32f4xx_exti.o)
 .text.EXTI_GenerateSWInterrupt
                0x0000000000000000       0x24 ../../stm_spl//libstm_spl.a(stm32f4xx_exti.o)
 .text.EXTI_GetFlagStatus
                0x0000000000000000       0x34 ../../stm_spl//libstm_spl.a(stm32f4xx_exti.o)
 .text.EXTI_ClearFlag
                0x0000000000000000       0x20 ../../stm_spl//libstm_spl.a(stm32f4xx_exti.o)
 .text          0x0000000000000000        0x0 ../../stm_spl//libstm_spl.a(stm32f4xx_rcc.o)
 .data          0x0000000000000000        0x0 ../../stm_spl//libstm_spl.a(stm32f4xx_rcc.o)
 .bss           0x0000000000000000        0x0 ../../stm_spl//libstm_spl.a(stm32f4xx_rcc.o)
 .data.APBAHBPrescTable
                0x0000000000000000       0x10 ../../stm_spl//libstm_spl.a(stm32f4xx_rcc.o)
 .text.RCC_DeInit
                0x0000000000000000       0x70 ../../stm_spl//libstm_spl.a(stm32f4xx_rcc.o)
 .text.RCC_HSEConfig
                0x0000000000000000       0x28 ../../stm_spl//libstm_spl.a(stm32f4xx_rcc.o)
 .text.RCC_WaitForHSEStartUp
                0x0000000000000000       0x50 ../../stm_spl//libstm_spl.a(stm32f4xx_rcc.o)
 .text.RCC_AdjustHSICalibrationValue
                0x0000000000000000       0x3c ../../stm_spl//libstm_spl.a(stm32f4xx_rcc.o)
 .text.RCC_HSICmd
                0x0000000000000000       0x20 ../../stm_spl//libstm_spl.a(stm32f4xx_rcc.o)
 .text.RCC_LSEConfig
                0x0000000000000000       0x44 ../../stm_spl//libstm_spl.a(stm32f4xx_rcc.o)
 .text.RCC_LSICmd
                0x0000000000000000       0x20 ../../stm_spl//libstm_spl.a(stm32f4xx_rcc.o)
 .text.RCC_PLLConfig
                0x0000000000000000       0x40 ../../stm_spl//libstm_spl.a(stm32f4xx_rcc.o)
 .text.RCC_PLLCmd
                0x0000000000000000       0x20 ../../stm_spl//libstm_spl.a(stm32f4xx_rcc.o)
 .text.RCC_PLLI2SConfig
                0x0000000000000000       0x2c ../../stm_spl//libstm_spl.a(stm32f4xx_rcc.o)
 .text.RCC_PLLI2SCmd
                0x0000000000000000       0x20 ../../stm_spl//libstm_spl.a(stm32f4xx_rcc.o)
 .text.RCC_PLLSAIConfig
                0x0000000000000000       0x34 ../../stm_spl//libstm_spl.a(stm32f4xx_rcc.o)
 .text.RCC_PLLSAICmd
                0x0000000000000000       0x20 ../../stm_spl//libstm_spl.a(stm32f4xx_rcc.o)
 .text.RCC_ClockSecuritySystemCmd
                0x0000000000000000       0x20 ../../stm_spl//libstm_spl.a(stm32f4xx_rcc.o)
 .text.RCC_MCO1Config
                0x0000000000000000       0x40 ../../stm_spl//libstm_spl.a(stm32f4xx_rcc.o)
 .text.RCC_MCO2Config
                0x0000000000000000       0x40 ../../stm_spl//libstm_spl.a(stm32f4xx_rcc.o)
 .text.RCC_SYSCLKConfig
                0x0000000000000000       0x38 ../../stm_spl//libstm_spl.a(stm32f4xx_rcc.o)
 .text.RCC_GetSYSCLKSource
                0x0000000000000000       0x20 ../../stm_spl//libstm_spl.a(stm32f4xx_rcc.o)
 .text.RCC_HCLKConfig
                0x0000000000000000       0x38 ../../stm_spl//libstm_spl.a(stm32f4xx_rcc.o)
 .text.RCC_PCLK1Config
                0x0000000000000000       0x38 ../../stm_spl//libstm_spl.a(stm32f4xx_rcc.o)
 .text.RCC_PCLK2Config
                0x0000000000000000       0x3c ../../stm_spl//libstm_spl.a(stm32f4xx_rcc.o)
 .text.RCC_GetClocksFreq
                0x0000000000000000      0x150 ../../stm_spl//libstm_spl.a(stm32f4xx_rcc.o)
 .text.RCC_RTCCLKConfig
                0x0000000000000000       0x5c ../../stm_spl//libstm_spl.a(stm32f4xx_rcc.o)
 .text.RCC_RTCCLKCmd
                0x0000000000000000       0x20 ../../stm_spl//libstm_spl.a(stm32f4xx_rcc.o)
 .text.RCC_BackupResetCmd
                0x0000000000000000       0x20 ../../stm_spl//libstm_spl.a(stm32f4xx_rcc.o)
 .text.RCC_I2SCLKConfig
                0x0000000000000000       0x20 ../../stm_spl//libstm_spl.a(stm32f4xx_rcc.o)
 .text.RCC_SAIBlockACLKConfig
                0x0000000000000000       0x3c ../../stm_spl//libstm_spl.a(stm32f4xx_rcc.o)
 .text.RCC_SAIBlockBCLKConfig
                0x0000000000000000       0x3c ../../stm_spl//libstm_spl.a(stm32f4xx_rcc.o)
 .text.RCC_SAIPLLI2SClkDivConfig
                0x0000000000000000       0x40 ../../stm_spl//libstm_spl.a(stm32f4xx_rcc.o)
 .text.RCC_SAIPLLSAIClkDivConfig
                0x0000000000000000       0x40 ../../stm_spl//libstm_spl.a(stm32f4xx_rcc.o)
 .text.RCC_LTDCCLKDivConfig
                0x0000000000000000       0x3c ../../stm_spl//libstm_spl.a(stm32f4xx_rcc.o)
 .text.RCC_TIMCLKPresConfig
                0x0000000000000000       0x20 ../../stm_spl//libstm_spl.a(stm32f4xx_rcc.o)
 .text.RCC_AHB2PeriphClockCmd
                0x0000000000000000       0x40 ../../stm_spl//libstm_spl.a(stm32f4xx_rcc.o)
 .text.RCC_AHB3PeriphClockCmd
                0x0000000000000000       0x40 ../../stm_spl//libstm_spl.a(stm32f4xx_rcc.o)
 .text.RCC_AHB1PeriphResetCmd
                0x0000000000000000       0x40 ../../stm_spl//libstm_spl.a(stm32f4xx_rcc.o)
 .text.RCC_AHB2PeriphResetCmd
                0x0000000000000000       0x40 ../../stm_spl//libstm_spl.a(stm32f4xx_rcc.o)
 .text.RCC_AHB3PeriphResetCmd
                0x0000000000000000       0x40 ../../stm_spl//libstm_spl.a(stm32f4xx_rcc.o)
 .text.RCC_APB1PeriphResetCmd
                0x0000000000000000       0x40 ../../stm_spl//libstm_spl.a(stm32f4xx_rcc.o)
 .text.RCC_APB2PeriphResetCmd
                0x0000000000000000       0x40 ../../stm_spl//libstm_spl.a(stm32f4xx_rcc.o)
 .text.RCC_AHB1PeriphClockLPModeCmd
                0x0000000000000000       0x40 ../../stm_spl//libstm_spl.a(stm32f4xx_rcc.o)
 .text.RCC_AHB2PeriphClockLPModeCmd
                0x0000000000000000       0x40 ../../stm_spl//libstm_spl.a(stm32f4xx_rcc.o)
 .text.RCC_AHB3PeriphClockLPModeCmd
                0x0000000000000000       0x40 ../../stm_spl//libstm_spl.a(stm32f4xx_rcc.o)
 .text.RCC_APB1PeriphClockLPModeCmd
                0x0000000000000000       0x40 ../../stm_spl//libstm_spl.a(stm32f4xx_rcc.o)
 .text.RCC_APB2PeriphClockLPModeCmd
                0x0000000000000000       0x40 ../../stm_spl//libstm_spl.a(stm32f4xx_rcc.o)
 .text.RCC_LSEModeConfig
                0x0000000000000000       0x3c ../../stm_spl//libstm_spl.a(stm32f4xx_rcc.o)
 .text.RCC_ITConfig
                0x0000000000000000       0x4c ../../stm_spl//libstm_spl.a(stm32f4xx_rcc.o)
 .text.RCC_GetFlagStatus
                0x0000000000000000       0x74 ../../stm_spl//libstm_spl.a(stm32f4xx_rcc.o)
 .text.RCC_ClearFlag
                0x0000000000000000       0x20 ../../stm_spl//libstm_spl.a(stm32f4xx_rcc.o)
 .text.RCC_GetITStatus
                0x0000000000000000       0x38 ../../stm_spl//libstm_spl.a(stm32f4xx_rcc.o)
 .text.RCC_ClearITPendingBit
                0x0000000000000000       0x20 ../../stm_spl//libstm_spl.a(stm32f4xx_rcc.o)
 .text          0x0000000000000000        0x0 ../../stm_spl//libstm_spl.a(misc.o)
 .data          0x0000000000000000        0x0 ../../stm_spl//libstm_spl.a(misc.o)
 .bss           0x0000000000000000        0x0 ../../stm_spl//libstm_spl.a(misc.o)
 .text.NVIC_PriorityGroupConfig
                0x0000000000000000       0x28 ../../stm_spl//libstm_spl.a(misc.o)
 .text.NVIC_SetVectorTable
                0x0000000000000000       0x2c ../../stm_spl//libstm_spl.a(misc.o)
 .text.NVIC_SystemLPConfig
                0x0000000000000000       0x44 ../../stm_spl//libstm_spl.a(misc.o)
 .text.SysTick_CLKSourceConfig
                0x0000000000000000       0x38 ../../stm_spl//libstm_spl.a(misc.o)
 .text          0x0000000000000000        0x0 ../../stm_spl//libstm_spl.a(stm32f4xx_syscfg.o)
 .data          0x0000000000000000        0x0 ../../stm_spl//libstm_spl.a(stm32f4xx_syscfg.o)
 .bss           0x0000000000000000        0x0 ../../stm_spl//libstm_spl.a(stm32f4xx_syscfg.o)
 .text.SYSCFG_DeInit
                0x0000000000000000       0x1c ../../stm_spl//libstm_spl.a(stm32f4xx_syscfg.o)
 .text.SYSCFG_MemoryRemapConfig
                0x0000000000000000       0x20 ../../stm_spl//libstm_spl.a(stm32f4xx_syscfg.o)
 .text.SYSCFG_MemorySwappingBank
                0x0000000000000000       0x20 ../../stm_spl//libstm_spl.a(stm32f4xx_syscfg.o)
 .text.SYSCFG_ETH_MediaInterfaceConfig
                0x0000000000000000       0x20 ../../stm_spl//libstm_spl.a(stm32f4xx_syscfg.o)
 .text.SYSCFG_CompensationCellCmd
                0x0000000000000000       0x20 ../../stm_spl//libstm_spl.a(stm32f4xx_syscfg.o)
 .text.SYSCFG_GetCompensationCellStatus
                0x0000000000000000       0x34 ../../stm_spl//libstm_spl.a(stm32f4xx_syscfg.o)
 .text          0x0000000000000000        0x0 ../../stm_spl//libstm_spl.a(stm32f4xx_tim.o)
 .data          0x0000000000000000        0x0 ../../stm_spl//libstm_spl.a(stm32f4xx_tim.o)
 .bss           0x0000000000000000        0x0 ../../stm_spl//libstm_spl.a(stm32f4xx_tim.o)
 .text.TIM_DeInit
                0x0000000000000000      0x1c0 ../../stm_spl//libstm_spl.a(stm32f4xx_tim.o)
 .text.TIM_TimeBaseStructInit
                0x0000000000000000       0x34 ../../stm_spl//libstm_spl.a(stm32f4xx_tim.o)
 .text.TIM_PrescalerConfig
                0x0000000000000000       0x28 ../../stm_spl//libstm_spl.a(stm32f4xx_tim.o)
 .text.TIM_CounterModeConfig
                0x0000000000000000       0x38 ../../stm_spl//libstm_spl.a(stm32f4xx_tim.o)
 .text.TIM_SetCounter
                0x0000000000000000       0x1c ../../stm_spl//libstm_spl.a(stm32f4xx_tim.o)
 .text.TIM_SetAutoreload
                0x0000000000000000       0x1c ../../stm_spl//libstm_spl.a(stm32f4xx_tim.o)
 .text.TIM_GetCounter
                0x0000000000000000       0x18 ../../stm_spl//libstm_spl.a(stm32f4xx_tim.o)
 .text.TIM_GetPrescaler
                0x0000000000000000       0x1a ../../stm_spl//libstm_spl.a(stm32f4xx_tim.o)
 .text.TIM_UpdateDisableConfig
                0x0000000000000000       0x40 ../../stm_spl//libstm_spl.a(stm32f4xx_tim.o)
 .text.TIM_UpdateRequestConfig
                0x0000000000000000       0x40 ../../stm_spl//libstm_spl.a(stm32f4xx_tim.o)
 .text.TIM_ARRPreloadConfig
                0x0000000000000000       0x40 ../../stm_spl//libstm_spl.a(stm32f4xx_tim.o)
 .text.TIM_SelectOnePulseMode
                0x0000000000000000       0x38 ../../stm_spl//libstm_spl.a(stm32f4xx_tim.o)
 .text.TIM_SetClockDivision
                0x0000000000000000       0x38 ../../stm_spl//libstm_spl.a(stm32f4xx_tim.o)
 .text.TIM_OC1Init
                0x0000000000000000       0xf4 ../../stm_spl//libstm_spl.a(stm32f4xx_tim.o)
 .text.TIM_OC2Init
                0x0000000000000000      0x110 ../../stm_spl//libstm_spl.a(stm32f4xx_tim.o)
 .text.TIM_OC3Init
                0x0000000000000000      0x10c ../../stm_spl//libstm_spl.a(stm32f4xx_tim.o)
 .text.TIM_OC4Init
                0x0000000000000000       0xd0 ../../stm_spl//libstm_spl.a(stm32f4xx_tim.o)
 .text.TIM_OCStructInit
                0x0000000000000000       0x44 ../../stm_spl//libstm_spl.a(stm32f4xx_tim.o)
 .text.TIM_SelectOCxM
                0x0000000000000000       0xb2 ../../stm_spl//libstm_spl.a(stm32f4xx_tim.o)
 .text.TIM_SetCompare1
                0x0000000000000000       0x1c ../../stm_spl//libstm_spl.a(stm32f4xx_tim.o)
 .text.TIM_SetCompare2
                0x0000000000000000       0x1c ../../stm_spl//libstm_spl.a(stm32f4xx_tim.o)
 .text.TIM_SetCompare3
                0x0000000000000000       0x1c ../../stm_spl//libstm_spl.a(stm32f4xx_tim.o)
 .text.TIM_SetCompare4
                0x0000000000000000       0x1c ../../stm_spl//libstm_spl.a(stm32f4xx_tim.o)
 .text.TIM_ForcedOC1Config
                0x0000000000000000       0x38 ../../stm_spl//libstm_spl.a(stm32f4xx_tim.o)
 .text.TIM_ForcedOC2Config
                0x0000000000000000       0x3c ../../stm_spl//libstm_spl.a(stm32f4xx_tim.o)
 .text.TIM_ForcedOC3Config
                0x0000000000000000       0x38 ../../stm_spl//libstm_spl.a(stm32f4xx_tim.o)
 .text.TIM_ForcedOC4Config
                0x0000000000000000       0x3c ../../stm_spl//libstm_spl.a(stm32f4xx_tim.o)
 .text.TIM_OC1PreloadConfig
                0x0000000000000000       0x38 ../../stm_spl//libstm_spl.a(stm32f4xx_tim.o)
 .text.TIM_OC2PreloadConfig
                0x0000000000000000       0x3c ../../stm_spl//libstm_spl.a(stm32f4xx_tim.o)
 .text.TIM_OC3PreloadConfig
                0x0000000000000000       0x38 ../../stm_spl//libstm_spl.a(stm32f4xx_tim.o)
 .text.TIM_OC4PreloadConfig
                0x0000000000000000       0x3c ../../stm_spl//libstm_spl.a(stm32f4xx_tim.o)
 .text.TIM_OC1FastConfig
                0x0000000000000000       0x38 ../../stm_spl//libstm_spl.a(stm32f4xx_tim.o)
 .text.TIM_OC2FastConfig
                0x0000000000000000       0x3c ../../stm_spl//libstm_spl.a(stm32f4xx_tim.o)
 .text.TIM_OC3FastConfig
                0x0000000000000000       0x38 ../../stm_spl//libstm_spl.a(stm32f4xx_tim.o)
 .text.TIM_OC4FastConfig
                0x0000000000000000       0x3c ../../stm_spl//libstm_spl.a(stm32f4xx_tim.o)
 .text.TIM_ClearOC1Ref
                0x0000000000000000       0x38 ../../stm_spl//libstm_spl.a(stm32f4xx_tim.o)
 .text.TIM_ClearOC2Ref
                0x0000000000000000       0x3c ../../stm_spl//libstm_spl.a(stm32f4xx_tim.o)
 .text.TIM_ClearOC3Ref
                0x0000000000000000       0x38 ../../stm_spl//libstm_spl.a(stm32f4xx_tim.o)
 .text.TIM_ClearOC4Ref
                0x0000000000000000       0x3c ../../stm_spl//libstm_spl.a(stm32f4xx_tim.o)
 .text.TIM_OC1PolarityConfig
                0x0000000000000000       0x38 ../../stm_spl//libstm_spl.a(stm32f4xx_tim.o)
 .text.TIM_OC1NPolarityConfig
                0x0000000000000000       0x38 ../../stm_spl//libstm_spl.a(stm32f4xx_tim.o)
 .text.TIM_OC2PolarityConfig
                0x0000000000000000       0x3c ../../stm_spl//libstm_spl.a(stm32f4xx_tim.o)
 .text.TIM_OC2NPolarityConfig
                0x0000000000000000       0x3c ../../stm_spl//libstm_spl.a(stm32f4xx_tim.o)
 .text.TIM_OC3PolarityConfig
                0x0000000000000000       0x3c ../../stm_spl//libstm_spl.a(stm32f4xx_tim.o)
 .text.TIM_OC3NPolarityConfig
                0x0000000000000000       0x3c ../../stm_spl//libstm_spl.a(stm32f4xx_tim.o)
 .text.TIM_OC4PolarityConfig
                0x0000000000000000       0x3c ../../stm_spl//libstm_spl.a(stm32f4xx_tim.o)
 .text.TIM_CCxCmd
                0x0000000000000000       0x56 ../../stm_spl//libstm_spl.a(stm32f4xx_tim.o)
 .text.TIM_CCxNCmd
                0x0000000000000000       0x56 ../../stm_spl//libstm_spl.a(stm32f4xx_tim.o)
 .text.TIM_ICInit
                0x0000000000000000       0xa8 ../../stm_spl//libstm_spl.a(stm32f4xx_tim.o)
 .text.TIM_ICStructInit
                0x0000000000000000       0x32 ../../stm_spl//libstm_spl.a(stm32f4xx_tim.o)
 .text.TIM_PWMIConfig
                0x0000000000000000       0xb8 ../../stm_spl//libstm_spl.a(stm32f4xx_tim.o)
 .text.TIM_GetCapture1
                0x0000000000000000       0x18 ../../stm_spl//libstm_spl.a(stm32f4xx_tim.o)
 .text.TIM_GetCapture2
                0x0000000000000000       0x18 ../../stm_spl//libstm_spl.a(stm32f4xx_tim.o)
 .text.TIM_GetCapture3
                0x0000000000000000       0x18 ../../stm_spl//libstm_spl.a(stm32f4xx_tim.o)
 .text.TIM_GetCapture4
                0x0000000000000000       0x18 ../../stm_spl//libstm_spl.a(stm32f4xx_tim.o)
 .text.TIM_SetIC1Prescaler
                0x0000000000000000       0x38 ../../stm_spl//libstm_spl.a(stm32f4xx_tim.o)
 .text.TIM_SetIC2Prescaler
                0x0000000000000000       0x3c ../../stm_spl//libstm_spl.a(stm32f4xx_tim.o)
 .text.TIM_SetIC3Prescaler
                0x0000000000000000       0x38 ../../stm_spl//libstm_spl.a(stm32f4xx_tim.o)
 .text.TIM_SetIC4Prescaler
                0x0000000000000000       0x3c ../../stm_spl//libstm_spl.a(stm32f4xx_tim.o)
 .text.TIM_BDTRConfig
                0x0000000000000000       0x50 ../../stm_spl//libstm_spl.a(stm32f4xx_tim.o)
 .text.TIM_BDTRStructInit
                0x0000000000000000       0x3e ../../stm_spl//libstm_spl.a(stm32f4xx_tim.o)
 .text.TIM_CtrlPWMOutputs
                0x0000000000000000       0x4c ../../stm_spl//libstm_spl.a(stm32f4xx_tim.o)
 .text.TIM_SelectCOM
                0x0000000000000000       0x40 ../../stm_spl//libstm_spl.a(stm32f4xx_tim.o)
 .text.TIM_CCPreloadControl
                0x0000000000000000       0x40 ../../stm_spl//libstm_spl.a(stm32f4xx_tim.o)
 .text.TIM_GenerateEvent
                0x0000000000000000       0x1e ../../stm_spl//libstm_spl.a(stm32f4xx_tim.o)
 .text.TIM_GetFlagStatus
                0x0000000000000000       0x38 ../../stm_spl//libstm_spl.a(stm32f4xx_tim.o)
 .text.TIM_ClearFlag
                0x0000000000000000       0x22 ../../stm_spl//libstm_spl.a(stm32f4xx_tim.o)
 .text.TIM_DMAConfig
                0x0000000000000000       0x2a ../../stm_spl//libstm_spl.a(stm32f4xx_tim.o)
 .text.TIM_DMACmd
                0x0000000000000000       0x48 ../../stm_spl//libstm_spl.a(stm32f4xx_tim.o)
 .text.TIM_SelectCCDMA
                0x0000000000000000       0x40 ../../stm_spl//libstm_spl.a(stm32f4xx_tim.o)
 .text.TIM_InternalClockConfig
                0x0000000000000000       0x24 ../../stm_spl//libstm_spl.a(stm32f4xx_tim.o)
 .text.TIM_ITRxExternalClockConfig
                0x0000000000000000       0x2e ../../stm_spl//libstm_spl.a(stm32f4xx_tim.o)
 .text.TIM_TIxExternalClockConfig
                0x0000000000000000       0x5c ../../stm_spl//libstm_spl.a(stm32f4xx_tim.o)
 .text.TIM_ETRClockMode1Config
                0x0000000000000000       0x5e ../../stm_spl//libstm_spl.a(stm32f4xx_tim.o)
 .text.TIM_ETRClockMode2Config
                0x0000000000000000       0x3e ../../stm_spl//libstm_spl.a(stm32f4xx_tim.o)
 .text.TIM_SelectInputTrigger
                0x0000000000000000       0x38 ../../stm_spl//libstm_spl.a(stm32f4xx_tim.o)
 .text.TIM_SelectOutputTrigger
                0x0000000000000000       0x38 ../../stm_spl//libstm_spl.a(stm32f4xx_tim.o)
 .text.TIM_SelectSlaveMode
                0x0000000000000000       0x38 ../../stm_spl//libstm_spl.a(stm32f4xx_tim.o)
 .text.TIM_SelectMasterSlaveMode
                0x0000000000000000       0x38 ../../stm_spl//libstm_spl.a(stm32f4xx_tim.o)
 .text.TIM_ETRConfig
                0x0000000000000000       0x54 ../../stm_spl//libstm_spl.a(stm32f4xx_tim.o)
 .text.TIM_EncoderInterfaceConfig
                0x0000000000000000       0x98 ../../stm_spl//libstm_spl.a(stm32f4xx_tim.o)
 .text.TIM_SelectHallSensor
                0x0000000000000000       0x40 ../../stm_spl//libstm_spl.a(stm32f4xx_tim.o)
 .text.TIM_RemapConfig
                0x0000000000000000       0x20 ../../stm_spl//libstm_spl.a(stm32f4xx_tim.o)
 .text.TI1_Config
                0x0000000000000000       0x86 ../../stm_spl//libstm_spl.a(stm32f4xx_tim.o)
 .text.TI2_Config
                0x0000000000000000       0x9a ../../stm_spl//libstm_spl.a(stm32f4xx_tim.o)
 .text.TI3_Config
                0x0000000000000000       0x90 ../../stm_spl//libstm_spl.a(stm32f4xx_tim.o)
 .text.TI4_Config
                0x0000000000000000       0x9e ../../stm_spl//libstm_spl.a(stm32f4xx_tim.o)

Memory Configuration

Name             Origin             Length             Attributes
RAM              0x0000000020000000 0x0000000000020000 xrw
CCMRAM           0x0000000010000000 0x0000000000010000 xrw
FLASH            0x0000000008000000 0x0000000000100000 xr
FLASHB1          0x0000000000000000 0x0000000000000000 xr
EXTMEMB0         0x0000000000000000 0x0000000000000000 xr
EXTMEMB1         0x0000000000000000 0x0000000000000000 xr
EXTMEMB2         0x0000000000000000 0x0000000000000000 xr
EXTMEMB3         0x0000000000000000 0x0000000000000000 xr
MEMORY_ARRAY     0x0000000020002000 0x0000000000000020 xrw
*default*        0x0000000000000000 0xffffffffffffffff

Linker script and memory map

LOAD main.o
LOAD ../../common/as/startup_stm32f40_41xxx.o
START GROUP
LOAD /usr/lib/gcc/arm-none-eabi/6.3.1/../../../arm-none-eabi/lib/libc.a
LOAD /usr/lib/gcc/arm-none-eabi/6.3.1/thumb/v7e-m/fpv4-sp/softfp/libgcc.a
LOAD /usr/lib/gcc/arm-none-eabi/6.3.1/../../../arm-none-eabi/lib/libnosys.a
LOAD /usr/lib/gcc/arm-none-eabi/6.3.1/../../../arm-none-eabi/lib/libm.a
END GROUP
LOAD ../../common//libstmcommon.a
LOAD ../../stm_spl//libstm_spl.a
START GROUP
LOAD /usr/lib/gcc/arm-none-eabi/6.3.1/thumb/v7e-m/fpv4-sp/softfp/libgcc.a
LOAD /usr/lib/gcc/arm-none-eabi/6.3.1/../../../arm-none-eabi/lib/libc.a
END GROUP
                0x0000000000004000                __Stack_Size = 0x4000
                [!provide]                        PROVIDE (_Stack_Size, __Stack_Size)
                0x000000002001c000                __Stack_Init = (_estack - __Stack_Size)
                [!provide]                        PROVIDE (_Stack_Init, __Stack_Init)
                0x0000000000004000                _Minimum_Stack_Size = 0x4000
                0x0000000020020000                _estack = 0x20020000

.isr_vector     0x0000000008000000      0x188
                0x0000000008000000                . = ALIGN (0x4)
 *(.isr_vector)
 .isr_vector    0x0000000008000000      0x188 ../../common/as/startup_stm32f40_41xxx.o
                0x0000000008000000                g_pfnVectors
                0x0000000008000188                . = ALIGN (0x4)

.flashtext      0x0000000008000188        0x0
                0x0000000008000188                . = ALIGN (0x4)
 *(.flashtext)
                0x0000000008000188                . = ALIGN (0x4)

.text           0x0000000008000188      0xb28
                0x0000000008000188                . = ALIGN (0x4)
 *(.text)
 *(.text.*)
 .text.TIM3_IRQHandler
                0x0000000008000188       0x30 main.o
                0x0000000008000188                TIM3_IRQHandler
 .text.TIM2_IRQHandler
                0x00000000080001b8       0x80 main.o
                0x00000000080001b8                TIM2_IRQHandler
 .text.EXTI0_IRQHandler
                0x0000000008000238       0x5c main.o
                0x0000000008000238                EXTI0_IRQHandler
 .text.EXTI1_IRQHandler
                0x0000000008000294       0x4c main.o
                0x0000000008000294                EXTI1_IRQHandler
 .text.main     0x00000000080002e0      0x1b4 main.o
                0x00000000080002e0                main
 .text.Reset_Handler
                0x0000000008000494       0x44 ../../common/as/startup_stm32f40_41xxx.o
                0x0000000008000494                Reset_Handler
 .text.Default_Handler
                0x00000000080004d8        0x2 ../../common/as/startup_stm32f40_41xxx.o
                0x00000000080004d8                RTC_Alarm_IRQHandler
                0x00000000080004d8                HASH_RNG_IRQHandler
                0x00000000080004d8                EXTI2_IRQHandler
                0x00000000080004d8                TIM8_CC_IRQHandler
                0x00000000080004d8                DebugMon_Handler
                0x00000000080004d8                TIM1_CC_IRQHandler
                0x00000000080004d8                DMA2_Stream5_IRQHandler
                0x00000000080004d8                HardFault_Handler
                0x00000000080004d8                DMA1_Stream5_IRQHandler
                0x00000000080004d8                SysTick_Handler
                0x00000000080004d8                PVD_IRQHandler
                0x00000000080004d8                SDIO_IRQHandler
                0x00000000080004d8                TAMP_STAMP_IRQHandler
                0x00000000080004d8                PendSV_Handler
                0x00000000080004d8                NMI_Handler
                0x00000000080004d8                CAN2_RX1_IRQHandler
                0x00000000080004d8                EXTI3_IRQHandler
                0x00000000080004d8                TIM8_TRG_COM_TIM14_IRQHandler
                0x00000000080004d8                TIM1_UP_TIM10_IRQHandler
                0x00000000080004d8                TIM8_UP_TIM13_IRQHandler
                0x00000000080004d8                I2C3_ER_IRQHandler
                0x00000000080004d8                I2C2_EV_IRQHandler
                0x00000000080004d8                DMA1_Stream2_IRQHandler
                0x00000000080004d8                CAN1_RX0_IRQHandler
                0x00000000080004d8                FPU_IRQHandler
                0x00000000080004d8                OTG_HS_WKUP_IRQHandler
                0x00000000080004d8                UsageFault_Handler
                0x00000000080004d8                CAN2_SCE_IRQHandler
                0x00000000080004d8                DMA2_Stream2_IRQHandler
                0x00000000080004d8                SPI1_IRQHandler
                0x00000000080004d8                TIM6_DAC_IRQHandler
                0x00000000080004d8                TIM1_BRK_TIM9_IRQHandler
                0x00000000080004d8                DCMI_IRQHandler
                0x00000000080004d8                CAN2_RX0_IRQHandler
                0x00000000080004d8                DMA2_Stream3_IRQHandler
                0x00000000080004d8                USART6_IRQHandler
                0x00000000080004d8                USART3_IRQHandler
                0x00000000080004d8                CRYP_IRQHandler
                0x00000000080004d8                CAN1_RX1_IRQHandler
                0x00000000080004d8                UART5_IRQHandler
                0x00000000080004d8                DMA2_Stream0_IRQHandler
                0x00000000080004d8                TIM4_IRQHandler
                0x00000000080004d8                I2C1_EV_IRQHandler
                0x00000000080004d8                DMA1_Stream6_IRQHandler
                0x00000000080004d8                DMA1_Stream1_IRQHandler
                0x00000000080004d8                UART4_IRQHandler
                0x00000000080004d8                RCC_IRQHandler
                0x00000000080004d8                TIM8_BRK_TIM12_IRQHandler
                0x00000000080004d8                Default_Handler
                0x00000000080004d8                EXTI15_10_IRQHandler
                0x00000000080004d8                ADC_IRQHandler
                0x00000000080004d8                DMA1_Stream7_IRQHandler
                0x00000000080004d8                TIM7_IRQHandler
                0x00000000080004d8                CAN2_TX_IRQHandler
                0x00000000080004d8                TIM5_IRQHandler
                0x00000000080004d8                DMA2_Stream7_IRQHandler
                0x00000000080004d8                I2C3_EV_IRQHandler
                0x00000000080004d8                EXTI9_5_IRQHandler
                0x00000000080004d8                RTC_WKUP_IRQHandler
                0x00000000080004d8                ETH_WKUP_IRQHandler
                0x00000000080004d8                SPI2_IRQHandler
                0x00000000080004d8                OTG_HS_EP1_IN_IRQHandler
                0x00000000080004d8                MemManage_Handler
                0x00000000080004d8                DMA1_Stream0_IRQHandler
                0x00000000080004d8                CAN1_TX_IRQHandler
                0x00000000080004d8                SVC_Handler
                0x00000000080004d8                EXTI4_IRQHandler
                0x00000000080004d8                FSMC_IRQHandler
                0x00000000080004d8                ETH_IRQHandler
                0x00000000080004d8                OTG_HS_EP1_OUT_IRQHandler
                0x00000000080004d8                WWDG_IRQHandler
                0x00000000080004d8                OTG_FS_WKUP_IRQHandler
                0x00000000080004d8                TIM1_TRG_COM_TIM11_IRQHandler
                0x00000000080004d8                OTG_HS_IRQHandler
                0x00000000080004d8                USART2_IRQHandler
                0x00000000080004d8                I2C2_ER_IRQHandler
                0x00000000080004d8                DMA2_Stream1_IRQHandler
                0x00000000080004d8                CAN1_SCE_IRQHandler
                0x00000000080004d8                FLASH_IRQHandler
                0x00000000080004d8                DMA2_Stream4_IRQHandler
                0x00000000080004d8                BusFault_Handler
                0x00000000080004d8                USART1_IRQHandler
                0x00000000080004d8                OTG_FS_IRQHandler
                0x00000000080004d8                SPI3_IRQHandler
                0x00000000080004d8                DMA1_Stream4_IRQHandler
                0x00000000080004d8                I2C1_ER_IRQHandler
                0x00000000080004d8                DMA2_Stream6_IRQHandler
                0x00000000080004d8                DMA1_Stream3_IRQHandler
 *fill*         0x00000000080004da        0x2 
 .text.SystemInit
                0x00000000080004dc       0x6c ../../common//libstmcommon.a(system_stm32f4xx.o)
                0x00000000080004dc                SystemInit
 .text.SetSysClock
                0x0000000008000548       0xf8 ../../common//libstmcommon.a(system_stm32f4xx.o)
 .text.GPIO_Init
                0x0000000008000640      0x11c ../../stm_spl//libstm_spl.a(stm32f4xx_gpio.o)
                0x0000000008000640                GPIO_Init
 .text.GPIO_SetBits
                0x000000000800075c       0x1e ../../stm_spl//libstm_spl.a(stm32f4xx_gpio.o)
                0x000000000800075c                GPIO_SetBits
 .text.GPIO_ResetBits
                0x000000000800077a       0x1e ../../stm_spl//libstm_spl.a(stm32f4xx_gpio.o)
                0x000000000800077a                GPIO_ResetBits
 .text.EXTI_Init
                0x0000000008000798       0xe4 ../../stm_spl//libstm_spl.a(stm32f4xx_exti.o)
                0x0000000008000798                EXTI_Init
 .text.EXTI_GetITStatus
                0x000000000800087c       0x34 ../../stm_spl//libstm_spl.a(stm32f4xx_exti.o)
                0x000000000800087c                EXTI_GetITStatus
 .text.EXTI_ClearITPendingBit
                0x00000000080008b0       0x20 ../../stm_spl//libstm_spl.a(stm32f4xx_exti.o)
                0x00000000080008b0                EXTI_ClearITPendingBit
 .text.RCC_AHB1PeriphClockCmd
                0x00000000080008d0       0x40 ../../stm_spl//libstm_spl.a(stm32f4xx_rcc.o)
                0x00000000080008d0                RCC_AHB1PeriphClockCmd
 .text.RCC_APB1PeriphClockCmd
                0x0000000008000910       0x40 ../../stm_spl//libstm_spl.a(stm32f4xx_rcc.o)
                0x0000000008000910                RCC_APB1PeriphClockCmd
 .text.RCC_APB2PeriphClockCmd
                0x0000000008000950       0x40 ../../stm_spl//libstm_spl.a(stm32f4xx_rcc.o)
                0x0000000008000950                RCC_APB2PeriphClockCmd
 .text.NVIC_Init
                0x0000000008000990       0xc4 ../../stm_spl//libstm_spl.a(misc.o)
                0x0000000008000990                NVIC_Init
 .text.SYSCFG_EXTILineConfig
                0x0000000008000a54       0x84 ../../stm_spl//libstm_spl.a(stm32f4xx_syscfg.o)
                0x0000000008000a54                SYSCFG_EXTILineConfig
 .text.TIM_TimeBaseInit
                0x0000000008000ad8       0xd8 ../../stm_spl//libstm_spl.a(stm32f4xx_tim.o)
                0x0000000008000ad8                TIM_TimeBaseInit
 .text.TIM_Cmd  0x0000000008000bb0       0x40 ../../stm_spl//libstm_spl.a(stm32f4xx_tim.o)
                0x0000000008000bb0                TIM_Cmd
 .text.TIM_ITConfig
                0x0000000008000bf0       0x48 ../../stm_spl//libstm_spl.a(stm32f4xx_tim.o)
                0x0000000008000bf0                TIM_ITConfig
 .text.TIM_GetITStatus
                0x0000000008000c38       0x54 ../../stm_spl//libstm_spl.a(stm32f4xx_tim.o)
                0x0000000008000c38                TIM_GetITStatus
 .text.TIM_ClearITPendingBit
                0x0000000008000c8c       0x22 ../../stm_spl//libstm_spl.a(stm32f4xx_tim.o)
                0x0000000008000c8c                TIM_ClearITPendingBit
 *(.rodata)
 *(.rodata*)
 *(.glue_7)
 .glue_7        0x0000000008000cae        0x0 linker stubs
 *(.glue_7t)
 .glue_7t       0x0000000008000cae        0x0 linker stubs
                0x0000000008000cb0                . = ALIGN (0x4)
 *fill*         0x0000000008000cae        0x2 
                0x0000000008000cb0                _etext = .
                0x0000000008000cb0                _sidata = _etext

.vfp11_veneer   0x0000000008000cb0        0x0
 .vfp11_veneer  0x0000000008000cb0        0x0 linker stubs

.v4_bx          0x0000000008000cb0        0x0
 .v4_bx         0x0000000008000cb0        0x0 linker stubs

.iplt           0x0000000008000cb0        0x0
 .iplt          0x0000000008000cb0        0x0 main.o

.rel.dyn        0x0000000008000cb0        0x0
 .rel.iplt      0x0000000008000cb0        0x0 main.o

.ROarraySection
 *(.ROarraySection)

.data           0x0000000020000000       0x2c load address 0x0000000008000cb0
                0x0000000020000000                . = ALIGN (0x4)
                0x0000000020000000                _sdata = .
 *(.data)
 *(.data.*)
 .data.addend   0x0000000020000000        0x1 main.o
                0x0000000020000000                addend
 *fill*         0x0000000020000001        0x3 
 .data.leds_colors
                0x0000000020000004       0x28 main.o
                0x0000000020000004                leds_colors
                0x000000002000002c                . = ALIGN (0x4)
                0x000000002000002c                _edata = .

.igot.plt       0x000000002000002c        0x0 load address 0x0000000008000cdc
 .igot.plt      0x000000002000002c        0x0 main.o

.bss            0x000000002000002c        0x0
                0x000000002000002c                . = ALIGN (0x4)
                0x000000002000002c                _sbss = .
 *(.bss)
 *(COMMON)
                0x000000002000002c                . = ALIGN (0x4)
                0x000000002000002c                _ebss = .
                [!provide]                        PROVIDE (end, _ebss)
                [!provide]                        PROVIDE (_end, _ebss)

.bss.current_color
                0x000000002000002c        0x1 load address 0x0000000008000cdc
 .bss.current_color
                0x000000002000002c        0x1 main.o
                0x000000002000002c                current_color

.bss.timer_cnt  0x0000000020000030        0x4 load address 0x0000000008000ce0
 .bss.timer_cnt
                0x0000000020000030        0x4 main.o
                0x0000000020000030                timer_cnt

.bss.timer_first
                0x0000000020000034        0x4 load address 0x0000000008000ce4
 .bss.timer_first
                0x0000000020000034        0x4 main.o
                0x0000000020000034                timer_first

.bss.timer_second
                0x0000000020000038        0x4 load address 0x0000000008000ce8
 .bss.timer_second
                0x0000000020000038        0x4 main.o
                0x0000000020000038                timer_second

._usrstack      0x000000002000003c     0x4000 load address 0x0000000008000cec
                0x000000002000003c                . = ALIGN (0x4)
                0x000000002000003c                _susrstack = .
                0x000000002000403c                . = (. + _Minimum_Stack_Size)
 *fill*         0x000000002000003c     0x4000 
                0x000000002000403c                . = ALIGN (0x4)
                0x000000002000403c                _eusrstack = .

.b1text
 *(.b1text)
 *(.b1rodata)
 *(.b1rodata*)

.eb0text
 *(.eb0text)
 *(.eb0rodata)
 *(.eb0rodata*)

.eb1text
 *(.eb1text)
 *(.eb1rodata)
 *(.eb1rodata*)

.eb2text
 *(.eb2text)
 *(.eb2rodata)
 *(.eb2rodata*)

.eb3text
 *(.eb3text)
 *(.eb3rodata)
 *(.eb3rodata*)

DISCARD
 libc.a(*)
 libm.a(*)
 libgcc.a(*)

.stab
 *(.stab)

.stabstr
 *(.stabstr)

.stab.excl
 *(.stab.excl)

.stab.exclstr
 *(.stab.exclstr)

.stab.index
 *(.stab.index)

.stab.indexstr
 *(.stab.indexstr)

.comment        0x0000000000000000       0x31
 *(.comment)
 .comment       0x0000000000000000       0x31 main.o
                                         0x32 (size before relaxing)
 .comment       0x0000000000000031       0x32 ../../common//libstmcommon.a(system_stm32f4xx.o)
 .comment       0x0000000000000031       0x32 ../../stm_spl//libstm_spl.a(stm32f4xx_gpio.o)
 .comment       0x0000000000000031       0x32 ../../stm_spl//libstm_spl.a(stm32f4xx_exti.o)
 .comment       0x0000000000000031       0x32 ../../stm_spl//libstm_spl.a(stm32f4xx_rcc.o)
 .comment       0x0000000000000031       0x32 ../../stm_spl//libstm_spl.a(misc.o)
 .comment       0x0000000000000031       0x32 ../../stm_spl//libstm_spl.a(stm32f4xx_syscfg.o)
 .comment       0x0000000000000031       0x32 ../../stm_spl//libstm_spl.a(stm32f4xx_tim.o)

.ARM.attributes
                0x0000000000000000       0x35
 .ARM.attributes
                0x0000000000000000       0x37 main.o
 .ARM.attributes
                0x0000000000000037       0x21 ../../common/as/startup_stm32f40_41xxx.o
 .ARM.attributes
                0x0000000000000058       0x37 ../../common//libstmcommon.a(system_stm32f4xx.o)
 .ARM.attributes
                0x000000000000008f       0x37 ../../stm_spl//libstm_spl.a(stm32f4xx_gpio.o)
 .ARM.attributes
                0x00000000000000c6       0x37 ../../stm_spl//libstm_spl.a(stm32f4xx_exti.o)
 .ARM.attributes
                0x00000000000000fd       0x37 ../../stm_spl//libstm_spl.a(stm32f4xx_rcc.o)
 .ARM.attributes
                0x0000000000000134       0x37 ../../stm_spl//libstm_spl.a(misc.o)
 .ARM.attributes
                0x000000000000016b       0x37 ../../stm_spl//libstm_spl.a(stm32f4xx_syscfg.o)
 .ARM.attributes
                0x00000000000001a2       0x37 ../../stm_spl//libstm_spl.a(stm32f4xx_tim.o)

.debug
 *(.debug)

.line
 *(.line)

.debug_srcinfo
 *(.debug_srcinfo)

.debug_sfnames
 *(.debug_sfnames)

.debug_aranges  0x0000000000000000      0x698
 *(.debug_aranges)
 .debug_aranges
                0x0000000000000000       0x40 main.o
 .debug_aranges
                0x0000000000000040       0x30 ../../common//libstmcommon.a(system_stm32f4xx.o)
 .debug_aranges
                0x0000000000000070       0x88 ../../stm_spl//libstm_spl.a(stm32f4xx_gpio.o)
 .debug_aranges
                0x00000000000000f8       0x58 ../../stm_spl//libstm_spl.a(stm32f4xx_exti.o)
 .debug_aranges
                0x0000000000000150      0x1c0 ../../stm_spl//libstm_spl.a(stm32f4xx_rcc.o)
 .debug_aranges
                0x0000000000000310       0x40 ../../stm_spl//libstm_spl.a(misc.o)
 .debug_aranges
                0x0000000000000350       0x50 ../../stm_spl//libstm_spl.a(stm32f4xx_syscfg.o)
 .debug_aranges
                0x00000000000003a0      0x2f8 ../../stm_spl//libstm_spl.a(stm32f4xx_tim.o)

.debug_pubnames
 *(.debug_pubnames)

.debug_info     0x0000000000000000     0x4b82
 *(.debug_info .gnu.linkonce.wi.*)
 .debug_info    0x0000000000000000      0x923 main.o
 .debug_info    0x0000000000000923      0x611 ../../common//libstmcommon.a(system_stm32f4xx.o)
 .debug_info    0x0000000000000f34      0x628 ../../stm_spl//libstm_spl.a(stm32f4xx_gpio.o)
 .debug_info    0x000000000000155c      0x357 ../../stm_spl//libstm_spl.a(stm32f4xx_exti.o)
 .debug_info    0x00000000000018b3      0xe67 ../../stm_spl//libstm_spl.a(stm32f4xx_rcc.o)
 .debug_info    0x000000000000271a      0x54d ../../stm_spl//libstm_spl.a(misc.o)
 .debug_info    0x0000000000002c67      0x2a7 ../../stm_spl//libstm_spl.a(stm32f4xx_syscfg.o)
 .debug_info    0x0000000000002f0e     0x1c74 ../../stm_spl//libstm_spl.a(stm32f4xx_tim.o)

.debug_abbrev   0x0000000000000000      0xc51
 *(.debug_abbrev)
 .debug_abbrev  0x0000000000000000      0x164 main.o
 .debug_abbrev  0x0000000000000164      0x158 ../../common//libstmcommon.a(system_stm32f4xx.o)
 .debug_abbrev  0x00000000000002bc      0x1b8 ../../stm_spl//libstm_spl.a(stm32f4xx_gpio.o)
 .debug_abbrev  0x0000000000000474      0x1bc ../../stm_spl//libstm_spl.a(stm32f4xx_exti.o)
 .debug_abbrev  0x0000000000000630      0x1cf ../../stm_spl//libstm_spl.a(stm32f4xx_rcc.o)
 .debug_abbrev  0x00000000000007ff      0x172 ../../stm_spl//libstm_spl.a(misc.o)
 .debug_abbrev  0x0000000000000971      0x146 ../../stm_spl//libstm_spl.a(stm32f4xx_syscfg.o)
 .debug_abbrev  0x0000000000000ab7      0x19a ../../stm_spl//libstm_spl.a(stm32f4xx_tim.o)

.debug_line     0x0000000000000000     0x1a91
 *(.debug_line)
 .debug_line    0x0000000000000000      0x1f3 main.o
 .debug_line    0x00000000000001f3      0x176 ../../common//libstmcommon.a(system_stm32f4xx.o)
 .debug_line    0x0000000000000369      0x2b0 ../../stm_spl//libstm_spl.a(stm32f4xx_gpio.o)
 .debug_line    0x0000000000000619      0x1d8 ../../stm_spl//libstm_spl.a(stm32f4xx_exti.o)
 .debug_line    0x00000000000007f1      0x5a3 ../../stm_spl//libstm_spl.a(stm32f4xx_rcc.o)
 .debug_line    0x0000000000000d94      0x17e ../../stm_spl//libstm_spl.a(misc.o)
 .debug_line    0x0000000000000f12      0x17e ../../stm_spl//libstm_spl.a(stm32f4xx_syscfg.o)
 .debug_line    0x0000000000001090      0xa01 ../../stm_spl//libstm_spl.a(stm32f4xx_tim.o)

.debug_frame    0x0000000000000000     0x1d24
 *(.debug_frame)
 .debug_frame   0x0000000000000000       0xa0 main.o
 .debug_frame   0x00000000000000a0       0x7c ../../common//libstmcommon.a(system_stm32f4xx.o)
 .debug_frame   0x000000000000011c      0x23c ../../stm_spl//libstm_spl.a(stm32f4xx_gpio.o)
 .debug_frame   0x0000000000000358      0x148 ../../stm_spl//libstm_spl.a(stm32f4xx_exti.o)
 .debug_frame   0x00000000000004a0      0x83c ../../stm_spl//libstm_spl.a(stm32f4xx_rcc.o)
 .debug_frame   0x0000000000000cdc       0xd8 ../../stm_spl//libstm_spl.a(misc.o)
 .debug_frame   0x0000000000000db4      0x11c ../../stm_spl//libstm_spl.a(stm32f4xx_syscfg.o)
 .debug_frame   0x0000000000000ed0      0xe54 ../../stm_spl//libstm_spl.a(stm32f4xx_tim.o)

.debug_str      0x0000000000000000     0x235d
 *(.debug_str)
 .debug_str     0x0000000000000000      0xb66 main.o
                                        0xbc7 (size before relaxing)
 .debug_str     0x0000000000000b66      0x204 ../../common//libstmcommon.a(system_stm32f4xx.o)
                                        0x3e9 (size before relaxing)
 .debug_str     0x0000000000000d6a      0x1b0 ../../stm_spl//libstm_spl.a(stm32f4xx_gpio.o)
                                        0x4c8 (size before relaxing)
 .debug_str     0x0000000000000f1a       0xc5 ../../stm_spl//libstm_spl.a(stm32f4xx_exti.o)
                                        0x374 (size before relaxing)
 .debug_str     0x0000000000000fdf      0x69b ../../stm_spl//libstm_spl.a(stm32f4xx_rcc.o)
                                        0x9ea (size before relaxing)
 .debug_str     0x000000000000167a      0x136 ../../stm_spl//libstm_spl.a(misc.o)
                                        0x3f6 (size before relaxing)
 .debug_str     0x00000000000017b0      0x152 ../../stm_spl//libstm_spl.a(stm32f4xx_syscfg.o)
                                        0x336 (size before relaxing)
 .debug_str     0x0000000000001902      0xa5b ../../stm_spl//libstm_spl.a(stm32f4xx_tim.o)
                                        0xdf8 (size before relaxing)

.debug_loc
 *(.debug_loc)

.debug_macinfo
 *(.debug_macinfo)

.debug_weaknames
 *(.debug_weaknames)

.debug_funcnames
 *(.debug_funcnames)

.debug_typenames
 *(.debug_typenames)

.debug_varnames
 *(.debug_varnames)
OUTPUT(main.elf elf32-littlearm)

.debug_ranges   0x0000000000000000      0x618
 .debug_ranges  0x0000000000000000       0x30 main.o
 .debug_ranges  0x0000000000000030       0x20 ../../common//libstmcommon.a(system_stm32f4xx.o)
 .debug_ranges  0x0000000000000050       0x78 ../../stm_spl//libstm_spl.a(stm32f4xx_gpio.o)
 .debug_ranges  0x00000000000000c8       0x48 ../../stm_spl//libstm_spl.a(stm32f4xx_exti.o)
 .debug_ranges  0x0000000000000110      0x1b0 ../../stm_spl//libstm_spl.a(stm32f4xx_rcc.o)
 .debug_ranges  0x00000000000002c0       0x30 ../../stm_spl//libstm_spl.a(misc.o)
 .debug_ranges  0x00000000000002f0       0x40 ../../stm_spl//libstm_spl.a(stm32f4xx_syscfg.o)
 .debug_ranges  0x0000000000000330      0x2e8 ../../stm_spl//libstm_spl.a(stm32f4xx_tim.o)
