Archive member included to satisfy reference by file (symbol)

/usr/lib/gcc/arm-none-eabi/6.3.1/thumb/v7e-m/fpv4-sp/softfp/libgcc.a(_arm_addsubdf3.o)
                              main.o (__aeabi_i2d)
/usr/lib/gcc/arm-none-eabi/6.3.1/thumb/v7e-m/fpv4-sp/softfp/libgcc.a(_arm_muldivdf3.o)
                              main.o (__aeabi_dmul)
/usr/lib/gcc/arm-none-eabi/6.3.1/thumb/v7e-m/fpv4-sp/softfp/libgcc.a(_arm_fixunsdfsi.o)
                              main.o (__aeabi_d2uiz)
../../common//libstmcommon.a(system_stm32f4xx.o)
                              ../../common/as/startup_stm32f40_41xxx.o (SystemInit)
../../stm_spl//libstm_spl.a(stm32f4xx_gpio.o)
                              main.o (GPIO_Init)
../../stm_spl//libstm_spl.a(stm32f4xx_exti.o)
                              main.o (EXTI_Init)
../../stm_spl//libstm_spl.a(stm32f4xx_rcc.o)
                              main.o (RCC_AHB1PeriphClockCmd)
../../stm_spl//libstm_spl.a(misc.o)
                              main.o (NVIC_Init)
../../stm_spl//libstm_spl.a(stm32f4xx_syscfg.o)
                              main.o (SYSCFG_EXTILineConfig)
../../stm_spl//libstm_spl.a(stm32f4xx_tim.o)
                              main.o (TIM_TimeBaseInit)

Discarded input sections

 .text          0x0000000000000000        0x0 main.o
 .data          0x0000000000000000        0x0 main.o
 .bss           0x0000000000000000        0x0 main.o
 .text          0x0000000000000000       0x14 ../../common/as/startup_stm32f40_41xxx.o
 .data          0x0000000000000000        0x0 ../../common/as/startup_stm32f40_41xxx.o
 .bss           0x0000000000000000        0x0 ../../common/as/startup_stm32f40_41xxx.o
 .data          0x0000000000000000        0x0 /usr/lib/gcc/arm-none-eabi/6.3.1/thumb/v7e-m/fpv4-sp/softfp/libgcc.a(_arm_addsubdf3.o)
 .bss           0x0000000000000000        0x0 /usr/lib/gcc/arm-none-eabi/6.3.1/thumb/v7e-m/fpv4-sp/softfp/libgcc.a(_arm_addsubdf3.o)
 .data          0x0000000000000000        0x0 /usr/lib/gcc/arm-none-eabi/6.3.1/thumb/v7e-m/fpv4-sp/softfp/libgcc.a(_arm_muldivdf3.o)
 .bss           0x0000000000000000        0x0 /usr/lib/gcc/arm-none-eabi/6.3.1/thumb/v7e-m/fpv4-sp/softfp/libgcc.a(_arm_muldivdf3.o)
 .data          0x0000000000000000        0x0 /usr/lib/gcc/arm-none-eabi/6.3.1/thumb/v7e-m/fpv4-sp/softfp/libgcc.a(_arm_fixunsdfsi.o)
 .bss           0x0000000000000000        0x0 /usr/lib/gcc/arm-none-eabi/6.3.1/thumb/v7e-m/fpv4-sp/softfp/libgcc.a(_arm_fixunsdfsi.o)
 .text          0x0000000000000000        0x0 ../../common//libstmcommon.a(system_stm32f4xx.o)
 .data          0x0000000000000000        0x0 ../../common//libstmcommon.a(system_stm32f4xx.o)
 .bss           0x0000000000000000        0x0 ../../common//libstmcommon.a(system_stm32f4xx.o)
 .data.SystemCoreClock
                0x0000000000000000        0x4 ../../common//libstmcommon.a(system_stm32f4xx.o)
 .data.AHBPrescTable
                0x0000000000000000       0x10 ../../common//libstmcommon.a(system_stm32f4xx.o)
 .text.SystemCoreClockUpdate
                0x0000000000000000       0xf8 ../../common//libstmcommon.a(system_stm32f4xx.o)
 .text          0x0000000000000000        0x0 ../../stm_spl//libstm_spl.a(stm32f4xx_gpio.o)
 .data          0x0000000000000000        0x0 ../../stm_spl//libstm_spl.a(stm32f4xx_gpio.o)
 .bss           0x0000000000000000        0x0 ../../stm_spl//libstm_spl.a(stm32f4xx_gpio.o)
 .text.GPIO_DeInit
                0x0000000000000000      0x164 ../../stm_spl//libstm_spl.a(stm32f4xx_gpio.o)
 .text.GPIO_StructInit
                0x0000000000000000       0x34 ../../stm_spl//libstm_spl.a(stm32f4xx_gpio.o)
 .text.GPIO_PinLockConfig
                0x0000000000000000       0x44 ../../stm_spl//libstm_spl.a(stm32f4xx_gpio.o)
 .text.GPIO_ReadInputDataBit
                0x0000000000000000       0x34 ../../stm_spl//libstm_spl.a(stm32f4xx_gpio.o)
 .text.GPIO_ReadInputData
                0x0000000000000000       0x1a ../../stm_spl//libstm_spl.a(stm32f4xx_gpio.o)
 .text.GPIO_ReadOutputDataBit
                0x0000000000000000       0x34 ../../stm_spl//libstm_spl.a(stm32f4xx_gpio.o)
 .text.GPIO_ReadOutputData
                0x0000000000000000       0x1a ../../stm_spl//libstm_spl.a(stm32f4xx_gpio.o)
 .text.GPIO_WriteBit
                0x0000000000000000       0x30 ../../stm_spl//libstm_spl.a(stm32f4xx_gpio.o)
 .text.GPIO_Write
                0x0000000000000000       0x1e ../../stm_spl//libstm_spl.a(stm32f4xx_gpio.o)
 .text.GPIO_ToggleBits
                0x0000000000000000       0x24 ../../stm_spl//libstm_spl.a(stm32f4xx_gpio.o)
 .text          0x0000000000000000        0x0 ../../stm_spl//libstm_spl.a(stm32f4xx_exti.o)
 .data          0x0000000000000000        0x0 ../../stm_spl//libstm_spl.a(stm32f4xx_exti.o)
 .bss           0x0000000000000000        0x0 ../../stm_spl//libstm_spl.a(stm32f4xx_exti.o)
 .text.EXTI_DeInit
                0x0000000000000000       0x34 ../../stm_spl//libstm_spl.a(stm32f4xx_exti.o)
 .text.EXTI_StructInit
                0x0000000000000000       0x2c ../../stm_spl//libstm_spl.a(stm32f4xx_exti.o)
 .text.EXTI_GenerateSWInterrupt
                0x0000000000000000       0x24 ../../stm_spl//libstm_spl.a(stm32f4xx_exti.o)
 .text.EXTI_GetFlagStatus
                0x0000000000000000       0x34 ../../stm_spl//libstm_spl.a(stm32f4xx_exti.o)
 .text.EXTI_ClearFlag
                0x0000000000000000       0x20 ../../stm_spl//libstm_spl.a(stm32f4xx_exti.o)
 .text          0x0000000000000000        0x0 ../../stm_spl//libstm_spl.a(stm32f4xx_rcc.o)
 .data          0x0000000000000000        0x0 ../../stm_spl//libstm_spl.a(stm32f4xx_rcc.o)
 .bss           0x0000000000000000        0x0 ../../stm_spl//libstm_spl.a(stm32f4xx_rcc.o)
 .data.APBAHBPrescTable
                0x0000000000000000       0x10 ../../stm_spl//libstm_spl.a(stm32f4xx_rcc.o)
 .text.RCC_DeInit
                0x0000000000000000       0x70 ../../stm_spl//libstm_spl.a(stm32f4xx_rcc.o)
 .text.RCC_HSEConfig
                0x0000000000000000       0x28 ../../stm_spl//libstm_spl.a(stm32f4xx_rcc.o)
 .text.RCC_WaitForHSEStartUp
                0x0000000000000000       0x50 ../../stm_spl//libstm_spl.a(stm32f4xx_rcc.o)
 .text.RCC_AdjustHSICalibrationValue
                0x0000000000000000       0x3c ../../stm_spl//libstm_spl.a(stm32f4xx_rcc.o)
 .text.RCC_HSICmd
                0x0000000000000000       0x20 ../../stm_spl//libstm_spl.a(stm32f4xx_rcc.o)
 .text.RCC_LSEConfig
                0x0000000000000000       0x44 ../../stm_spl//libstm_spl.a(stm32f4xx_rcc.o)
 .text.RCC_LSICmd
                0x0000000000000000       0x20 ../../stm_spl//libstm_spl.a(stm32f4xx_rcc.o)
 .text.RCC_PLLConfig
                0x0000000000000000       0x40 ../../stm_spl//libstm_spl.a(stm32f4xx_rcc.o)
 .text.RCC_PLLCmd
                0x0000000000000000       0x20 ../../stm_spl//libstm_spl.a(stm32f4xx_rcc.o)
 .text.RCC_PLLI2SConfig
                0x0000000000000000       0x2c ../../stm_spl//libstm_spl.a(stm32f4xx_rcc.o)
 .text.RCC_PLLI2SCmd
                0x0000000000000000       0x20 ../../stm_spl//libstm_spl.a(stm32f4xx_rcc.o)
 .text.RCC_PLLSAIConfig
                0x0000000000000000       0x34 ../../stm_spl//libstm_spl.a(stm32f4xx_rcc.o)
 .text.RCC_PLLSAICmd
                0x0000000000000000       0x20 ../../stm_spl//libstm_spl.a(stm32f4xx_rcc.o)
 .text.RCC_ClockSecuritySystemCmd
                0x0000000000000000       0x20 ../../stm_spl//libstm_spl.a(stm32f4xx_rcc.o)
 .text.RCC_MCO1Config
                0x0000000000000000       0x40 ../../stm_spl//libstm_spl.a(stm32f4xx_rcc.o)
 .text.RCC_MCO2Config
                0x0000000000000000       0x40 ../../stm_spl//libstm_spl.a(stm32f4xx_rcc.o)
 .text.RCC_SYSCLKConfig
                0x0000000000000000       0x38 ../../stm_spl//libstm_spl.a(stm32f4xx_rcc.o)
 .text.RCC_GetSYSCLKSource
                0x0000000000000000       0x20 ../../stm_spl//libstm_spl.a(stm32f4xx_rcc.o)
 .text.RCC_HCLKConfig
                0x0000000000000000       0x38 ../../stm_spl//libstm_spl.a(stm32f4xx_rcc.o)
 .text.RCC_PCLK1Config
                0x0000000000000000       0x38 ../../stm_spl//libstm_spl.a(stm32f4xx_rcc.o)
 .text.RCC_PCLK2Config
                0x0000000000000000       0x3c ../../stm_spl//libstm_spl.a(stm32f4xx_rcc.o)
 .text.RCC_GetClocksFreq
                0x0000000000000000      0x150 ../../stm_spl//libstm_spl.a(stm32f4xx_rcc.o)
 .text.RCC_RTCCLKConfig
                0x0000000000000000       0x5c ../../stm_spl//libstm_spl.a(stm32f4xx_rcc.o)
 .text.RCC_RTCCLKCmd
                0x0000000000000000       0x20 ../../stm_spl//libstm_spl.a(stm32f4xx_rcc.o)
 .text.RCC_BackupResetCmd
                0x0000000000000000       0x20 ../../stm_spl//libstm_spl.a(stm32f4xx_rcc.o)
 .text.RCC_I2SCLKConfig
                0x0000000000000000       0x20 ../../stm_spl//libstm_spl.a(stm32f4xx_rcc.o)
 .text.RCC_SAIBlockACLKConfig
                0x0000000000000000       0x3c ../../stm_spl//libstm_spl.a(stm32f4xx_rcc.o)
 .text.RCC_SAIBlockBCLKConfig
                0x0000000000000000       0x3c ../../stm_spl//libstm_spl.a(stm32f4xx_rcc.o)
 .text.RCC_SAIPLLI2SClkDivConfig
                0x0000000000000000       0x40 ../../stm_spl//libstm_spl.a(stm32f4xx_rcc.o)
 .text.RCC_SAIPLLSAIClkDivConfig
                0x0000000000000000       0x40 ../../stm_spl//libstm_spl.a(stm32f4xx_rcc.o)
 .text.RCC_LTDCCLKDivConfig
                0x0000000000000000       0x3c ../../stm_spl//libstm_spl.a(stm32f4xx_rcc.o)
 .text.RCC_TIMCLKPresConfig
                0x0000000000000000       0x20 ../../stm_spl//libstm_spl.a(stm32f4xx_rcc.o)
 .text.RCC_AHB2PeriphClockCmd
                0x0000000000000000       0x40 ../../stm_spl//libstm_spl.a(stm32f4xx_rcc.o)
 .text.RCC_AHB3PeriphClockCmd
                0x0000000000000000       0x40 ../../stm_spl//libstm_spl.a(stm32f4xx_rcc.o)
 .text.RCC_AHB1PeriphResetCmd
                0x0000000000000000       0x40 ../../stm_spl//libstm_spl.a(stm32f4xx_rcc.o)
 .text.RCC_AHB2PeriphResetCmd
                0x0000000000000000       0x40 ../../stm_spl//libstm_spl.a(stm32f4xx_rcc.o)
 .text.RCC_AHB3PeriphResetCmd
                0x0000000000000000       0x40 ../../stm_spl//libstm_spl.a(stm32f4xx_rcc.o)
 .text.RCC_APB1PeriphResetCmd
                0x0000000000000000       0x40 ../../stm_spl//libstm_spl.a(stm32f4xx_rcc.o)
 .text.RCC_APB2PeriphResetCmd
                0x0000000000000000       0x40 ../../stm_spl//libstm_spl.a(stm32f4xx_rcc.o)
 .text.RCC_AHB1PeriphClockLPModeCmd
                0x0000000000000000       0x40 ../../stm_spl//libstm_spl.a(stm32f4xx_rcc.o)
 .text.RCC_AHB2PeriphClockLPModeCmd
                0x0000000000000000       0x40 ../../stm_spl//libstm_spl.a(stm32f4xx_rcc.o)
 .text.RCC_AHB3PeriphClockLPModeCmd
                0x0000000000000000       0x40 ../../stm_spl//libstm_spl.a(stm32f4xx_rcc.o)
 .text.RCC_APB1PeriphClockLPModeCmd
                0x0000000000000000       0x40 ../../stm_spl//libstm_spl.a(stm32f4xx_rcc.o)
 .text.RCC_APB2PeriphClockLPModeCmd
                0x0000000000000000       0x40 ../../stm_spl//libstm_spl.a(stm32f4xx_rcc.o)
 .text.RCC_LSEModeConfig
                0x0000000000000000       0x3c ../../stm_spl//libstm_spl.a(stm32f4xx_rcc.o)
 .text.RCC_ITConfig
                0x0000000000000000       0x4c ../../stm_spl//libstm_spl.a(stm32f4xx_rcc.o)
 .text.RCC_GetFlagStatus
                0x0000000000000000       0x74 ../../stm_spl//libstm_spl.a(stm32f4xx_rcc.o)
 .text.RCC_ClearFlag
                0x0000000000000000       0x20 ../../stm_spl//libstm_spl.a(stm32f4xx_rcc.o)
 .text.RCC_GetITStatus
                0x0000000000000000       0x38 ../../stm_spl//libstm_spl.a(stm32f4xx_rcc.o)
 .text.RCC_ClearITPendingBit
                0x0000000000000000       0x20 ../../stm_spl//libstm_spl.a(stm32f4xx_rcc.o)
 .text          0x0000000000000000        0x0 ../../stm_spl//libstm_spl.a(misc.o)
 .data          0x0000000000000000        0x0 ../../stm_spl//libstm_spl.a(misc.o)
 .bss           0x0000000000000000        0x0 ../../stm_spl//libstm_spl.a(misc.o)
 .text.NVIC_PriorityGroupConfig
                0x0000000000000000       0x28 ../../stm_spl//libstm_spl.a(misc.o)
 .text.NVIC_SetVectorTable
                0x0000000000000000       0x2c ../../stm_spl//libstm_spl.a(misc.o)
 .text.NVIC_SystemLPConfig
                0x0000000000000000       0x44 ../../stm_spl//libstm_spl.a(misc.o)
 .text.SysTick_CLKSourceConfig
                0x0000000000000000       0x38 ../../stm_spl//libstm_spl.a(misc.o)
 .text          0x0000000000000000        0x0 ../../stm_spl//libstm_spl.a(stm32f4xx_syscfg.o)
 .data          0x0000000000000000        0x0 ../../stm_spl//libstm_spl.a(stm32f4xx_syscfg.o)
 .bss           0x0000000000000000        0x0 ../../stm_spl//libstm_spl.a(stm32f4xx_syscfg.o)
 .text.SYSCFG_DeInit
                0x0000000000000000       0x1c ../../stm_spl//libstm_spl.a(stm32f4xx_syscfg.o)
 .text.SYSCFG_MemoryRemapConfig
                0x0000000000000000       0x20 ../../stm_spl//libstm_spl.a(stm32f4xx_syscfg.o)
 .text.SYSCFG_MemorySwappingBank
                0x0000000000000000       0x20 ../../stm_spl//libstm_spl.a(stm32f4xx_syscfg.o)
 .text.SYSCFG_ETH_MediaInterfaceConfig
                0x0000000000000000       0x20 ../../stm_spl//libstm_spl.a(stm32f4xx_syscfg.o)
 .text.SYSCFG_CompensationCellCmd
                0x0000000000000000       0x20 ../../stm_spl//libstm_spl.a(stm32f4xx_syscfg.o)
 .text.SYSCFG_GetCompensationCellStatus
                0x0000000000000000       0x34 ../../stm_spl//libstm_spl.a(stm32f4xx_syscfg.o)
 .text          0x0000000000000000        0x0 ../../stm_spl//libstm_spl.a(stm32f4xx_tim.o)
 .data          0x0000000000000000        0x0 ../../stm_spl//libstm_spl.a(stm32f4xx_tim.o)
 .bss           0x0000000000000000        0x0 ../../stm_spl//libstm_spl.a(stm32f4xx_tim.o)
 .text.TIM_DeInit
                0x0000000000000000      0x1c0 ../../stm_spl//libstm_spl.a(stm32f4xx_tim.o)
 .text.TIM_TimeBaseStructInit
                0x0000000000000000       0x34 ../../stm_spl//libstm_spl.a(stm32f4xx_tim.o)
 .text.TIM_PrescalerConfig
                0x0000000000000000       0x28 ../../stm_spl//libstm_spl.a(stm32f4xx_tim.o)
 .text.TIM_CounterModeConfig
                0x0000000000000000       0x38 ../../stm_spl//libstm_spl.a(stm32f4xx_tim.o)
 .text.TIM_SetCounter
                0x0000000000000000       0x1c ../../stm_spl//libstm_spl.a(stm32f4xx_tim.o)
 .text.TIM_SetAutoreload
                0x0000000000000000       0x1c ../../stm_spl//libstm_spl.a(stm32f4xx_tim.o)
 .text.TIM_GetCounter
                0x0000000000000000       0x18 ../../stm_spl//libstm_spl.a(stm32f4xx_tim.o)
 .text.TIM_GetPrescaler
                0x0000000000000000       0x1a ../../stm_spl//libstm_spl.a(stm32f4xx_tim.o)
 .text.TIM_UpdateDisableConfig
                0x0000000000000000       0x40 ../../stm_spl//libstm_spl.a(stm32f4xx_tim.o)
 .text.TIM_UpdateRequestConfig
                0x0000000000000000       0x40 ../../stm_spl//libstm_spl.a(stm32f4xx_tim.o)
 .text.TIM_ARRPreloadConfig
                0x0000000000000000       0x40 ../../stm_spl//libstm_spl.a(stm32f4xx_tim.o)
 .text.TIM_SelectOnePulseMode
                0x0000000000000000       0x38 ../../stm_spl//libstm_spl.a(stm32f4xx_tim.o)
 .text.TIM_SetClockDivision
                0x0000000000000000       0x38 ../../stm_spl//libstm_spl.a(stm32f4xx_tim.o)
 .text.TIM_OC4Init
                0x0000000000000000       0xd0 ../../stm_spl//libstm_spl.a(stm32f4xx_tim.o)
 .text.TIM_OCStructInit
                0x0000000000000000       0x44 ../../stm_spl//libstm_spl.a(stm32f4xx_tim.o)
 .text.TIM_SelectOCxM
                0x0000000000000000       0xb2 ../../stm_spl//libstm_spl.a(stm32f4xx_tim.o)
 .text.TIM_SetCompare4
                0x0000000000000000       0x1c ../../stm_spl//libstm_spl.a(stm32f4xx_tim.o)
 .text.TIM_ForcedOC1Config
                0x0000000000000000       0x38 ../../stm_spl//libstm_spl.a(stm32f4xx_tim.o)
 .text.TIM_ForcedOC2Config
                0x0000000000000000       0x3c ../../stm_spl//libstm_spl.a(stm32f4xx_tim.o)
 .text.TIM_ForcedOC3Config
                0x0000000000000000       0x38 ../../stm_spl//libstm_spl.a(stm32f4xx_tim.o)
 .text.TIM_ForcedOC4Config
                0x0000000000000000       0x3c ../../stm_spl//libstm_spl.a(stm32f4xx_tim.o)
 .text.TIM_OC4PreloadConfig
                0x0000000000000000       0x3c ../../stm_spl//libstm_spl.a(stm32f4xx_tim.o)
 .text.TIM_OC1FastConfig
                0x0000000000000000       0x38 ../../stm_spl//libstm_spl.a(stm32f4xx_tim.o)
 .text.TIM_OC2FastConfig
                0x0000000000000000       0x3c ../../stm_spl//libstm_spl.a(stm32f4xx_tim.o)
 .text.TIM_OC3FastConfig
                0x0000000000000000       0x38 ../../stm_spl//libstm_spl.a(stm32f4xx_tim.o)
 .text.TIM_OC4FastConfig
                0x0000000000000000       0x3c ../../stm_spl//libstm_spl.a(stm32f4xx_tim.o)
 .text.TIM_ClearOC1Ref
                0x0000000000000000       0x38 ../../stm_spl//libstm_spl.a(stm32f4xx_tim.o)
 .text.TIM_ClearOC2Ref
                0x0000000000000000       0x3c ../../stm_spl//libstm_spl.a(stm32f4xx_tim.o)
 .text.TIM_ClearOC3Ref
                0x0000000000000000       0x38 ../../stm_spl//libstm_spl.a(stm32f4xx_tim.o)
 .text.TIM_ClearOC4Ref
                0x0000000000000000       0x3c ../../stm_spl//libstm_spl.a(stm32f4xx_tim.o)
 .text.TIM_OC1PolarityConfig
                0x0000000000000000       0x38 ../../stm_spl//libstm_spl.a(stm32f4xx_tim.o)
 .text.TIM_OC1NPolarityConfig
                0x0000000000000000       0x38 ../../stm_spl//libstm_spl.a(stm32f4xx_tim.o)
 .text.TIM_OC2PolarityConfig
                0x0000000000000000       0x3c ../../stm_spl//libstm_spl.a(stm32f4xx_tim.o)
 .text.TIM_OC2NPolarityConfig
                0x0000000000000000       0x3c ../../stm_spl//libstm_spl.a(stm32f4xx_tim.o)
 .text.TIM_OC3PolarityConfig
                0x0000000000000000       0x3c ../../stm_spl//libstm_spl.a(stm32f4xx_tim.o)
 .text.TIM_OC3NPolarityConfig
                0x0000000000000000       0x3c ../../stm_spl//libstm_spl.a(stm32f4xx_tim.o)
 .text.TIM_OC4PolarityConfig
                0x0000000000000000       0x3c ../../stm_spl//libstm_spl.a(stm32f4xx_tim.o)
 .text.TIM_CCxCmd
                0x0000000000000000       0x56 ../../stm_spl//libstm_spl.a(stm32f4xx_tim.o)
 .text.TIM_CCxNCmd
                0x0000000000000000       0x56 ../../stm_spl//libstm_spl.a(stm32f4xx_tim.o)
 .text.TIM_ICInit
                0x0000000000000000       0xa8 ../../stm_spl//libstm_spl.a(stm32f4xx_tim.o)
 .text.TIM_ICStructInit
                0x0000000000000000       0x32 ../../stm_spl//libstm_spl.a(stm32f4xx_tim.o)
 .text.TIM_PWMIConfig
                0x0000000000000000       0xb8 ../../stm_spl//libstm_spl.a(stm32f4xx_tim.o)
 .text.TIM_GetCapture2
                0x0000000000000000       0x18 ../../stm_spl//libstm_spl.a(stm32f4xx_tim.o)
 .text.TIM_GetCapture4
                0x0000000000000000       0x18 ../../stm_spl//libstm_spl.a(stm32f4xx_tim.o)
 .text.TIM_SetIC1Prescaler
                0x0000000000000000       0x38 ../../stm_spl//libstm_spl.a(stm32f4xx_tim.o)
 .text.TIM_SetIC2Prescaler
                0x0000000000000000       0x3c ../../stm_spl//libstm_spl.a(stm32f4xx_tim.o)
 .text.TIM_SetIC3Prescaler
                0x0000000000000000       0x38 ../../stm_spl//libstm_spl.a(stm32f4xx_tim.o)
 .text.TIM_SetIC4Prescaler
                0x0000000000000000       0x3c ../../stm_spl//libstm_spl.a(stm32f4xx_tim.o)
 .text.TIM_BDTRConfig
                0x0000000000000000       0x50 ../../stm_spl//libstm_spl.a(stm32f4xx_tim.o)
 .text.TIM_BDTRStructInit
                0x0000000000000000       0x3e ../../stm_spl//libstm_spl.a(stm32f4xx_tim.o)
 .text.TIM_SelectCOM
                0x0000000000000000       0x40 ../../stm_spl//libstm_spl.a(stm32f4xx_tim.o)
 .text.TIM_CCPreloadControl
                0x0000000000000000       0x40 ../../stm_spl//libstm_spl.a(stm32f4xx_tim.o)
 .text.TIM_GenerateEvent
                0x0000000000000000       0x1e ../../stm_spl//libstm_spl.a(stm32f4xx_tim.o)
 .text.TIM_GetFlagStatus
                0x0000000000000000       0x38 ../../stm_spl//libstm_spl.a(stm32f4xx_tim.o)
 .text.TIM_ClearFlag
                0x0000000000000000       0x22 ../../stm_spl//libstm_spl.a(stm32f4xx_tim.o)
 .text.TIM_DMAConfig
                0x0000000000000000       0x2a ../../stm_spl//libstm_spl.a(stm32f4xx_tim.o)
 .text.TIM_DMACmd
                0x0000000000000000       0x48 ../../stm_spl//libstm_spl.a(stm32f4xx_tim.o)
 .text.TIM_SelectCCDMA
                0x0000000000000000       0x40 ../../stm_spl//libstm_spl.a(stm32f4xx_tim.o)
 .text.TIM_InternalClockConfig
                0x0000000000000000       0x24 ../../stm_spl//libstm_spl.a(stm32f4xx_tim.o)
 .text.TIM_ITRxExternalClockConfig
                0x0000000000000000       0x2e ../../stm_spl//libstm_spl.a(stm32f4xx_tim.o)
 .text.TIM_TIxExternalClockConfig
                0x0000000000000000       0x5c ../../stm_spl//libstm_spl.a(stm32f4xx_tim.o)
 .text.TIM_ETRClockMode1Config
                0x0000000000000000       0x5e ../../stm_spl//libstm_spl.a(stm32f4xx_tim.o)
 .text.TIM_ETRClockMode2Config
                0x0000000000000000       0x3e ../../stm_spl//libstm_spl.a(stm32f4xx_tim.o)
 .text.TIM_SelectInputTrigger
                0x0000000000000000       0x38 ../../stm_spl//libstm_spl.a(stm32f4xx_tim.o)
 .text.TIM_SelectOutputTrigger
                0x0000000000000000       0x38 ../../stm_spl//libstm_spl.a(stm32f4xx_tim.o)
 .text.TIM_SelectSlaveMode
                0x0000000000000000       0x38 ../../stm_spl//libstm_spl.a(stm32f4xx_tim.o)
 .text.TIM_SelectMasterSlaveMode
                0x0000000000000000       0x38 ../../stm_spl//libstm_spl.a(stm32f4xx_tim.o)
 .text.TIM_ETRConfig
                0x0000000000000000       0x54 ../../stm_spl//libstm_spl.a(stm32f4xx_tim.o)
 .text.TIM_EncoderInterfaceConfig
                0x0000000000000000       0x98 ../../stm_spl//libstm_spl.a(stm32f4xx_tim.o)
 .text.TIM_SelectHallSensor
                0x0000000000000000       0x40 ../../stm_spl//libstm_spl.a(stm32f4xx_tim.o)
 .text.TIM_RemapConfig
                0x0000000000000000       0x20 ../../stm_spl//libstm_spl.a(stm32f4xx_tim.o)
 .text.TI1_Config
                0x0000000000000000       0x86 ../../stm_spl//libstm_spl.a(stm32f4xx_tim.o)
 .text.TI2_Config
                0x0000000000000000       0x9a ../../stm_spl//libstm_spl.a(stm32f4xx_tim.o)
 .text.TI3_Config
                0x0000000000000000       0x90 ../../stm_spl//libstm_spl.a(stm32f4xx_tim.o)
 .text.TI4_Config
                0x0000000000000000       0x9e ../../stm_spl//libstm_spl.a(stm32f4xx_tim.o)

Memory Configuration

Name             Origin             Length             Attributes
RAM              0x0000000020000000 0x0000000000020000 xrw
CCMRAM           0x0000000010000000 0x0000000000010000 xrw
FLASH            0x0000000008000000 0x0000000000100000 xr
FLASHB1          0x0000000000000000 0x0000000000000000 xr
EXTMEMB0         0x0000000000000000 0x0000000000000000 xr
EXTMEMB1         0x0000000000000000 0x0000000000000000 xr
EXTMEMB2         0x0000000000000000 0x0000000000000000 xr
EXTMEMB3         0x0000000000000000 0x0000000000000000 xr
MEMORY_ARRAY     0x0000000020002000 0x0000000000000020 xrw
*default*        0x0000000000000000 0xffffffffffffffff

Linker script and memory map

LOAD main.o
LOAD ../../common/as/startup_stm32f40_41xxx.o
START GROUP
LOAD /usr/lib/gcc/arm-none-eabi/6.3.1/../../../arm-none-eabi/lib/libc.a
LOAD /usr/lib/gcc/arm-none-eabi/6.3.1/thumb/v7e-m/fpv4-sp/softfp/libgcc.a
LOAD /usr/lib/gcc/arm-none-eabi/6.3.1/../../../arm-none-eabi/lib/libnosys.a
LOAD /usr/lib/gcc/arm-none-eabi/6.3.1/../../../arm-none-eabi/lib/libm.a
END GROUP
LOAD ../../common//libstmcommon.a
LOAD ../../stm_spl//libstm_spl.a
START GROUP
LOAD /usr/lib/gcc/arm-none-eabi/6.3.1/thumb/v7e-m/fpv4-sp/softfp/libgcc.a
LOAD /usr/lib/gcc/arm-none-eabi/6.3.1/../../../arm-none-eabi/lib/libc.a
END GROUP
                0x0000000000004000                __Stack_Size = 0x4000
                [!provide]                        PROVIDE (_Stack_Size, __Stack_Size)
                0x000000002001c000                __Stack_Init = (_estack - __Stack_Size)
                [!provide]                        PROVIDE (_Stack_Init, __Stack_Init)
                0x0000000000004000                _Minimum_Stack_Size = 0x4000
                0x0000000020020000                _estack = 0x20020000

.isr_vector     0x0000000008000000      0x188
                0x0000000008000000                . = ALIGN (0x4)
 *(.isr_vector)
 .isr_vector    0x0000000008000000      0x188 ../../common/as/startup_stm32f40_41xxx.o
                0x0000000008000000                g_pfnVectors
                0x0000000008000188                . = ALIGN (0x4)

.flashtext      0x0000000008000188        0x0
                0x0000000008000188                . = ALIGN (0x4)
 *(.flashtext)
                0x0000000008000188                . = ALIGN (0x4)

.text           0x0000000008000188     0x196c
                0x0000000008000188                . = ALIGN (0x4)
 *(.text)
 .text          0x0000000008000188      0x370 /usr/lib/gcc/arm-none-eabi/6.3.1/thumb/v7e-m/fpv4-sp/softfp/libgcc.a(_arm_addsubdf3.o)
                0x0000000008000188                __aeabi_drsub
                0x0000000008000190                __aeabi_dsub
                0x0000000008000190                __subdf3
                0x0000000008000194                __adddf3
                0x0000000008000194                __aeabi_dadd
                0x000000000800040c                __aeabi_ui2d
                0x000000000800040c                __floatunsidf
                0x000000000800042c                __floatsidf
                0x000000000800042c                __aeabi_i2d
                0x0000000008000450                __extendsfdf2
                0x0000000008000450                __aeabi_f2d
                0x000000000800048c                __aeabi_ul2d
                0x000000000800048c                __floatundidf
                0x000000000800049c                __floatdidf
                0x000000000800049c                __aeabi_l2d
 .text          0x00000000080004f8      0x424 /usr/lib/gcc/arm-none-eabi/6.3.1/thumb/v7e-m/fpv4-sp/softfp/libgcc.a(_arm_muldivdf3.o)
                0x00000000080004f8                __aeabi_dmul
                0x00000000080004f8                __muldf3
                0x000000000800074c                __aeabi_ddiv
                0x000000000800074c                __divdf3
 .text          0x000000000800091c       0x40 /usr/lib/gcc/arm-none-eabi/6.3.1/thumb/v7e-m/fpv4-sp/softfp/libgcc.a(_arm_fixunsdfsi.o)
                0x000000000800091c                __fixunsdfsi
                0x000000000800091c                __aeabi_d2uiz
 *(.text.*)
 .text.TIM2_IRQHandler
                0x000000000800095c       0x30 main.o
                0x000000000800095c                TIM2_IRQHandler
 .text.EXTI0_IRQHandler
                0x000000000800098c       0x80 main.o
                0x000000000800098c                EXTI0_IRQHandler
 .text.EXTI1_IRQHandler
                0x0000000008000a0c       0xe8 main.o
                0x0000000008000a0c                EXTI1_IRQHandler
 .text.main     0x0000000008000af4      0x2c4 main.o
                0x0000000008000af4                main
 .text.Reset_Handler
                0x0000000008000db8       0x44 ../../common/as/startup_stm32f40_41xxx.o
                0x0000000008000db8                Reset_Handler
 .text.Default_Handler
                0x0000000008000dfc        0x2 ../../common/as/startup_stm32f40_41xxx.o
                0x0000000008000dfc                RTC_Alarm_IRQHandler
                0x0000000008000dfc                HASH_RNG_IRQHandler
                0x0000000008000dfc                EXTI2_IRQHandler
                0x0000000008000dfc                TIM8_CC_IRQHandler
                0x0000000008000dfc                DebugMon_Handler
                0x0000000008000dfc                TIM1_CC_IRQHandler
                0x0000000008000dfc                DMA2_Stream5_IRQHandler
                0x0000000008000dfc                HardFault_Handler
                0x0000000008000dfc                DMA1_Stream5_IRQHandler
                0x0000000008000dfc                SysTick_Handler
                0x0000000008000dfc                PVD_IRQHandler
                0x0000000008000dfc                SDIO_IRQHandler
                0x0000000008000dfc                TAMP_STAMP_IRQHandler
                0x0000000008000dfc                PendSV_Handler
                0x0000000008000dfc                NMI_Handler
                0x0000000008000dfc                CAN2_RX1_IRQHandler
                0x0000000008000dfc                EXTI3_IRQHandler
                0x0000000008000dfc                TIM8_TRG_COM_TIM14_IRQHandler
                0x0000000008000dfc                TIM1_UP_TIM10_IRQHandler
                0x0000000008000dfc                TIM8_UP_TIM13_IRQHandler
                0x0000000008000dfc                I2C3_ER_IRQHandler
                0x0000000008000dfc                I2C2_EV_IRQHandler
                0x0000000008000dfc                DMA1_Stream2_IRQHandler
                0x0000000008000dfc                CAN1_RX0_IRQHandler
                0x0000000008000dfc                FPU_IRQHandler
                0x0000000008000dfc                OTG_HS_WKUP_IRQHandler
                0x0000000008000dfc                UsageFault_Handler
                0x0000000008000dfc                CAN2_SCE_IRQHandler
                0x0000000008000dfc                DMA2_Stream2_IRQHandler
                0x0000000008000dfc                SPI1_IRQHandler
                0x0000000008000dfc                TIM6_DAC_IRQHandler
                0x0000000008000dfc                TIM1_BRK_TIM9_IRQHandler
                0x0000000008000dfc                DCMI_IRQHandler
                0x0000000008000dfc                CAN2_RX0_IRQHandler
                0x0000000008000dfc                DMA2_Stream3_IRQHandler
                0x0000000008000dfc                USART6_IRQHandler
                0x0000000008000dfc                USART3_IRQHandler
                0x0000000008000dfc                CRYP_IRQHandler
                0x0000000008000dfc                CAN1_RX1_IRQHandler
                0x0000000008000dfc                UART5_IRQHandler
                0x0000000008000dfc                DMA2_Stream0_IRQHandler
                0x0000000008000dfc                TIM4_IRQHandler
                0x0000000008000dfc                I2C1_EV_IRQHandler
                0x0000000008000dfc                DMA1_Stream6_IRQHandler
                0x0000000008000dfc                DMA1_Stream1_IRQHandler
                0x0000000008000dfc                UART4_IRQHandler
                0x0000000008000dfc                TIM3_IRQHandler
                0x0000000008000dfc                RCC_IRQHandler
                0x0000000008000dfc                TIM8_BRK_TIM12_IRQHandler
                0x0000000008000dfc                Default_Handler
                0x0000000008000dfc                EXTI15_10_IRQHandler
                0x0000000008000dfc                ADC_IRQHandler
                0x0000000008000dfc                DMA1_Stream7_IRQHandler
                0x0000000008000dfc                TIM7_IRQHandler
                0x0000000008000dfc                CAN2_TX_IRQHandler
                0x0000000008000dfc                TIM5_IRQHandler
                0x0000000008000dfc                DMA2_Stream7_IRQHandler
                0x0000000008000dfc                I2C3_EV_IRQHandler
                0x0000000008000dfc                EXTI9_5_IRQHandler
                0x0000000008000dfc                RTC_WKUP_IRQHandler
                0x0000000008000dfc                ETH_WKUP_IRQHandler
                0x0000000008000dfc                SPI2_IRQHandler
                0x0000000008000dfc                OTG_HS_EP1_IN_IRQHandler
                0x0000000008000dfc                MemManage_Handler
                0x0000000008000dfc                DMA1_Stream0_IRQHandler
                0x0000000008000dfc                CAN1_TX_IRQHandler
                0x0000000008000dfc                SVC_Handler
                0x0000000008000dfc                EXTI4_IRQHandler
                0x0000000008000dfc                FSMC_IRQHandler
                0x0000000008000dfc                ETH_IRQHandler
                0x0000000008000dfc                OTG_HS_EP1_OUT_IRQHandler
                0x0000000008000dfc                WWDG_IRQHandler
                0x0000000008000dfc                OTG_FS_WKUP_IRQHandler
                0x0000000008000dfc                TIM1_TRG_COM_TIM11_IRQHandler
                0x0000000008000dfc                OTG_HS_IRQHandler
                0x0000000008000dfc                USART2_IRQHandler
                0x0000000008000dfc                I2C2_ER_IRQHandler
                0x0000000008000dfc                DMA2_Stream1_IRQHandler
                0x0000000008000dfc                CAN1_SCE_IRQHandler
                0x0000000008000dfc                FLASH_IRQHandler
                0x0000000008000dfc                DMA2_Stream4_IRQHandler
                0x0000000008000dfc                BusFault_Handler
                0x0000000008000dfc                USART1_IRQHandler
                0x0000000008000dfc                OTG_FS_IRQHandler
                0x0000000008000dfc                SPI3_IRQHandler
                0x0000000008000dfc                DMA1_Stream4_IRQHandler
                0x0000000008000dfc                I2C1_ER_IRQHandler
                0x0000000008000dfc                DMA2_Stream6_IRQHandler
                0x0000000008000dfc                DMA1_Stream3_IRQHandler
 *fill*         0x0000000008000dfe        0x2 
 .text.SystemInit
                0x0000000008000e00       0x6c ../../common//libstmcommon.a(system_stm32f4xx.o)
                0x0000000008000e00                SystemInit
 .text.SetSysClock
                0x0000000008000e6c       0xf8 ../../common//libstmcommon.a(system_stm32f4xx.o)
 .text.GPIO_Init
                0x0000000008000f64      0x11c ../../stm_spl//libstm_spl.a(stm32f4xx_gpio.o)
                0x0000000008000f64                GPIO_Init
 .text.GPIO_SetBits
                0x0000000008001080       0x1e ../../stm_spl//libstm_spl.a(stm32f4xx_gpio.o)
                0x0000000008001080                GPIO_SetBits
 .text.GPIO_ResetBits
                0x000000000800109e       0x1e ../../stm_spl//libstm_spl.a(stm32f4xx_gpio.o)
                0x000000000800109e                GPIO_ResetBits
 .text.GPIO_PinAFConfig
                0x00000000080010bc       0x92 ../../stm_spl//libstm_spl.a(stm32f4xx_gpio.o)
                0x00000000080010bc                GPIO_PinAFConfig
 *fill*         0x000000000800114e        0x2 
 .text.EXTI_Init
                0x0000000008001150       0xe4 ../../stm_spl//libstm_spl.a(stm32f4xx_exti.o)
                0x0000000008001150                EXTI_Init
 .text.EXTI_GetITStatus
                0x0000000008001234       0x34 ../../stm_spl//libstm_spl.a(stm32f4xx_exti.o)
                0x0000000008001234                EXTI_GetITStatus
 .text.EXTI_ClearITPendingBit
                0x0000000008001268       0x20 ../../stm_spl//libstm_spl.a(stm32f4xx_exti.o)
                0x0000000008001268                EXTI_ClearITPendingBit
 .text.RCC_AHB1PeriphClockCmd
                0x0000000008001288       0x40 ../../stm_spl//libstm_spl.a(stm32f4xx_rcc.o)
                0x0000000008001288                RCC_AHB1PeriphClockCmd
 .text.RCC_APB1PeriphClockCmd
                0x00000000080012c8       0x40 ../../stm_spl//libstm_spl.a(stm32f4xx_rcc.o)
                0x00000000080012c8                RCC_APB1PeriphClockCmd
 .text.RCC_APB2PeriphClockCmd
                0x0000000008001308       0x40 ../../stm_spl//libstm_spl.a(stm32f4xx_rcc.o)
                0x0000000008001308                RCC_APB2PeriphClockCmd
 .text.NVIC_Init
                0x0000000008001348       0xc4 ../../stm_spl//libstm_spl.a(misc.o)
                0x0000000008001348                NVIC_Init
 .text.SYSCFG_EXTILineConfig
                0x000000000800140c       0x84 ../../stm_spl//libstm_spl.a(stm32f4xx_syscfg.o)
                0x000000000800140c                SYSCFG_EXTILineConfig
 .text.TIM_TimeBaseInit
                0x0000000008001490       0xd8 ../../stm_spl//libstm_spl.a(stm32f4xx_tim.o)
                0x0000000008001490                TIM_TimeBaseInit
 .text.TIM_Cmd  0x0000000008001568       0x40 ../../stm_spl//libstm_spl.a(stm32f4xx_tim.o)
                0x0000000008001568                TIM_Cmd
 .text.TIM_OC1Init
                0x00000000080015a8       0xf4 ../../stm_spl//libstm_spl.a(stm32f4xx_tim.o)
                0x00000000080015a8                TIM_OC1Init
 .text.TIM_OC2Init
                0x000000000800169c      0x110 ../../stm_spl//libstm_spl.a(stm32f4xx_tim.o)
                0x000000000800169c                TIM_OC2Init
 .text.TIM_OC3Init
                0x00000000080017ac      0x10c ../../stm_spl//libstm_spl.a(stm32f4xx_tim.o)
                0x00000000080017ac                TIM_OC3Init
 .text.TIM_SetCompare1
                0x00000000080018b8       0x1c ../../stm_spl//libstm_spl.a(stm32f4xx_tim.o)
                0x00000000080018b8                TIM_SetCompare1
 .text.TIM_SetCompare2
                0x00000000080018d4       0x1c ../../stm_spl//libstm_spl.a(stm32f4xx_tim.o)
                0x00000000080018d4                TIM_SetCompare2
 .text.TIM_SetCompare3
                0x00000000080018f0       0x1c ../../stm_spl//libstm_spl.a(stm32f4xx_tim.o)
                0x00000000080018f0                TIM_SetCompare3
 .text.TIM_OC1PreloadConfig
                0x000000000800190c       0x38 ../../stm_spl//libstm_spl.a(stm32f4xx_tim.o)
                0x000000000800190c                TIM_OC1PreloadConfig
 .text.TIM_OC2PreloadConfig
                0x0000000008001944       0x3c ../../stm_spl//libstm_spl.a(stm32f4xx_tim.o)
                0x0000000008001944                TIM_OC2PreloadConfig
 .text.TIM_OC3PreloadConfig
                0x0000000008001980       0x38 ../../stm_spl//libstm_spl.a(stm32f4xx_tim.o)
                0x0000000008001980                TIM_OC3PreloadConfig
 .text.TIM_GetCapture1
                0x00000000080019b8       0x18 ../../stm_spl//libstm_spl.a(stm32f4xx_tim.o)
                0x00000000080019b8                TIM_GetCapture1
 .text.TIM_GetCapture3
                0x00000000080019d0       0x18 ../../stm_spl//libstm_spl.a(stm32f4xx_tim.o)
                0x00000000080019d0                TIM_GetCapture3
 .text.TIM_CtrlPWMOutputs
                0x00000000080019e8       0x4c ../../stm_spl//libstm_spl.a(stm32f4xx_tim.o)
                0x00000000080019e8                TIM_CtrlPWMOutputs
 .text.TIM_ITConfig
                0x0000000008001a34       0x48 ../../stm_spl//libstm_spl.a(stm32f4xx_tim.o)
                0x0000000008001a34                TIM_ITConfig
 .text.TIM_GetITStatus
                0x0000000008001a7c       0x54 ../../stm_spl//libstm_spl.a(stm32f4xx_tim.o)
                0x0000000008001a7c                TIM_GetITStatus
 .text.TIM_ClearITPendingBit
                0x0000000008001ad0       0x22 ../../stm_spl//libstm_spl.a(stm32f4xx_tim.o)
                0x0000000008001ad0                TIM_ClearITPendingBit
 *(.rodata)
 *(.rodata*)
 *(.glue_7)
 .glue_7        0x0000000008001af2        0x0 linker stubs
 *(.glue_7t)
 .glue_7t       0x0000000008001af2        0x0 linker stubs
                0x0000000008001af4                . = ALIGN (0x4)
 *fill*         0x0000000008001af2        0x2 
                0x0000000008001af4                _etext = .
                0x0000000008001af4                _sidata = _etext

.vfp11_veneer   0x0000000008001af4        0x0
 .vfp11_veneer  0x0000000008001af4        0x0 linker stubs

.v4_bx          0x0000000008001af4        0x0
 .v4_bx         0x0000000008001af4        0x0 linker stubs

.iplt           0x0000000008001af4        0x0
 .iplt          0x0000000008001af4        0x0 main.o

.rel.dyn        0x0000000008001af4        0x0
 .rel.iplt      0x0000000008001af4        0x0 main.o

.ROarraySection
 *(.ROarraySection)

.data           0x0000000020000000        0x0 load address 0x0000000008001af4
                0x0000000020000000                . = ALIGN (0x4)
                0x0000000020000000                _sdata = .
 *(.data)
 *(.data.*)
                0x0000000020000000                . = ALIGN (0x4)
                0x0000000020000000                _edata = .

.igot.plt       0x0000000020000000        0x0
 .igot.plt      0x0000000020000000        0x0 main.o

.bss            0x0000000020000000        0x0
                0x0000000020000000                . = ALIGN (0x4)
                0x0000000020000000                _sbss = .
 *(.bss)
 *(COMMON)
                0x0000000020000000                . = ALIGN (0x4)
                0x0000000020000000                _ebss = .
                [!provide]                        PROVIDE (end, _ebss)
                [!provide]                        PROVIDE (_end, _ebss)

.bss.current_color
                0x0000000020000000        0x1
 .bss.current_color
                0x0000000020000000        0x1 main.o

.bss.sys_leds   0x0000000020000004        0xc
 .bss.sys_leds  0x0000000020000004        0xc main.o

.bss.timer_count
                0x0000000020000010        0x4
 .bss.timer_count
                0x0000000020000010        0x4 main.o

.bss.timer_firstb
                0x0000000020000014        0x4
 .bss.timer_firstb
                0x0000000020000014        0x4 main.o

.bss.timer_secb
                0x0000000020000018        0x4
 .bss.timer_secb
                0x0000000020000018        0x4 main.o

.bss.comparator
                0x000000002000001c        0x4
 .bss.comparator
                0x000000002000001c        0x4 main.o

.bss.green_comp
                0x0000000020000020        0x1
 .bss.green_comp
                0x0000000020000020        0x1 main.o

._usrstack      0x0000000020000021     0x4003
                0x0000000020000024                . = ALIGN (0x4)
 *fill*         0x0000000020000021        0x3 
                0x0000000020000024                _susrstack = .
                0x0000000020004024                . = (. + _Minimum_Stack_Size)
 *fill*         0x0000000020000024     0x4000 
                0x0000000020004024                . = ALIGN (0x4)
                0x0000000020004024                _eusrstack = .

.b1text
 *(.b1text)
 *(.b1rodata)
 *(.b1rodata*)

.eb0text
 *(.eb0text)
 *(.eb0rodata)
 *(.eb0rodata*)

.eb1text
 *(.eb1text)
 *(.eb1rodata)
 *(.eb1rodata*)

.eb2text
 *(.eb2text)
 *(.eb2rodata)
 *(.eb2rodata*)

.eb3text
 *(.eb3text)
 *(.eb3rodata)
 *(.eb3rodata*)

DISCARD
 libc.a(*)
 libm.a(*)
 libgcc.a(*)

.stab
 *(.stab)

.stabstr
 *(.stabstr)

.stab.excl
 *(.stab.excl)

.stab.exclstr
 *(.stab.exclstr)

.stab.index
 *(.stab.index)

.stab.indexstr
 *(.stab.indexstr)

.comment        0x0000000000000000       0x31
 *(.comment)
 .comment       0x0000000000000000       0x31 main.o
                                         0x32 (size before relaxing)
 .comment       0x0000000000000031       0x32 ../../common//libstmcommon.a(system_stm32f4xx.o)
 .comment       0x0000000000000031       0x32 ../../stm_spl//libstm_spl.a(stm32f4xx_gpio.o)
 .comment       0x0000000000000031       0x32 ../../stm_spl//libstm_spl.a(stm32f4xx_exti.o)
 .comment       0x0000000000000031       0x32 ../../stm_spl//libstm_spl.a(stm32f4xx_rcc.o)
 .comment       0x0000000000000031       0x32 ../../stm_spl//libstm_spl.a(misc.o)
 .comment       0x0000000000000031       0x32 ../../stm_spl//libstm_spl.a(stm32f4xx_syscfg.o)
 .comment       0x0000000000000031       0x32 ../../stm_spl//libstm_spl.a(stm32f4xx_tim.o)

.ARM.attributes
                0x0000000000000000       0x35
 .ARM.attributes
                0x0000000000000000       0x37 main.o
 .ARM.attributes
                0x0000000000000037       0x21 ../../common/as/startup_stm32f40_41xxx.o
 .ARM.attributes
                0x0000000000000058       0x22 /usr/lib/gcc/arm-none-eabi/6.3.1/thumb/v7e-m/fpv4-sp/softfp/libgcc.a(_arm_addsubdf3.o)
 .ARM.attributes
                0x000000000000007a       0x22 /usr/lib/gcc/arm-none-eabi/6.3.1/thumb/v7e-m/fpv4-sp/softfp/libgcc.a(_arm_muldivdf3.o)
 .ARM.attributes
                0x000000000000009c       0x22 /usr/lib/gcc/arm-none-eabi/6.3.1/thumb/v7e-m/fpv4-sp/softfp/libgcc.a(_arm_fixunsdfsi.o)
 .ARM.attributes
                0x00000000000000be       0x37 ../../common//libstmcommon.a(system_stm32f4xx.o)
 .ARM.attributes
                0x00000000000000f5       0x37 ../../stm_spl//libstm_spl.a(stm32f4xx_gpio.o)
 .ARM.attributes
                0x000000000000012c       0x37 ../../stm_spl//libstm_spl.a(stm32f4xx_exti.o)
 .ARM.attributes
                0x0000000000000163       0x37 ../../stm_spl//libstm_spl.a(stm32f4xx_rcc.o)
 .ARM.attributes
                0x000000000000019a       0x37 ../../stm_spl//libstm_spl.a(misc.o)
 .ARM.attributes
                0x00000000000001d1       0x37 ../../stm_spl//libstm_spl.a(stm32f4xx_syscfg.o)
 .ARM.attributes
                0x0000000000000208       0x37 ../../stm_spl//libstm_spl.a(stm32f4xx_tim.o)

.debug
 *(.debug)

.line
 *(.line)

.debug_srcinfo
 *(.debug_srcinfo)

.debug_sfnames
 *(.debug_sfnames)

.debug_aranges  0x0000000000000000      0x6f0
 *(.debug_aranges)
 .debug_aranges
                0x0000000000000000       0x38 main.o
 .debug_aranges
                0x0000000000000038       0x20 /usr/lib/gcc/arm-none-eabi/6.3.1/thumb/v7e-m/fpv4-sp/softfp/libgcc.a(_arm_addsubdf3.o)
 .debug_aranges
                0x0000000000000058       0x20 /usr/lib/gcc/arm-none-eabi/6.3.1/thumb/v7e-m/fpv4-sp/softfp/libgcc.a(_arm_muldivdf3.o)
 .debug_aranges
                0x0000000000000078       0x20 /usr/lib/gcc/arm-none-eabi/6.3.1/thumb/v7e-m/fpv4-sp/softfp/libgcc.a(_arm_fixunsdfsi.o)
 .debug_aranges
                0x0000000000000098       0x30 ../../common//libstmcommon.a(system_stm32f4xx.o)
 .debug_aranges
                0x00000000000000c8       0x88 ../../stm_spl//libstm_spl.a(stm32f4xx_gpio.o)
 .debug_aranges
                0x0000000000000150       0x58 ../../stm_spl//libstm_spl.a(stm32f4xx_exti.o)
 .debug_aranges
                0x00000000000001a8      0x1c0 ../../stm_spl//libstm_spl.a(stm32f4xx_rcc.o)
 .debug_aranges
                0x0000000000000368       0x40 ../../stm_spl//libstm_spl.a(misc.o)
 .debug_aranges
                0x00000000000003a8       0x50 ../../stm_spl//libstm_spl.a(stm32f4xx_syscfg.o)
 .debug_aranges
                0x00000000000003f8      0x2f8 ../../stm_spl//libstm_spl.a(stm32f4xx_tim.o)

.debug_pubnames
 *(.debug_pubnames)

.debug_info     0x0000000000000000     0x4e86
 *(.debug_info .gnu.linkonce.wi.*)
 .debug_info    0x0000000000000000      0x9a5 main.o
 .debug_info    0x00000000000009a5       0xd6 /usr/lib/gcc/arm-none-eabi/6.3.1/thumb/v7e-m/fpv4-sp/softfp/libgcc.a(_arm_addsubdf3.o)
 .debug_info    0x0000000000000a7b       0xd6 /usr/lib/gcc/arm-none-eabi/6.3.1/thumb/v7e-m/fpv4-sp/softfp/libgcc.a(_arm_muldivdf3.o)
 .debug_info    0x0000000000000b51       0xd6 /usr/lib/gcc/arm-none-eabi/6.3.1/thumb/v7e-m/fpv4-sp/softfp/libgcc.a(_arm_fixunsdfsi.o)
 .debug_info    0x0000000000000c27      0x611 ../../common//libstmcommon.a(system_stm32f4xx.o)
 .debug_info    0x0000000000001238      0x628 ../../stm_spl//libstm_spl.a(stm32f4xx_gpio.o)
 .debug_info    0x0000000000001860      0x357 ../../stm_spl//libstm_spl.a(stm32f4xx_exti.o)
 .debug_info    0x0000000000001bb7      0xe67 ../../stm_spl//libstm_spl.a(stm32f4xx_rcc.o)
 .debug_info    0x0000000000002a1e      0x54d ../../stm_spl//libstm_spl.a(misc.o)
 .debug_info    0x0000000000002f6b      0x2a7 ../../stm_spl//libstm_spl.a(stm32f4xx_syscfg.o)
 .debug_info    0x0000000000003212     0x1c74 ../../stm_spl//libstm_spl.a(stm32f4xx_tim.o)

.debug_abbrev   0x0000000000000000      0xc7c
 *(.debug_abbrev)
 .debug_abbrev  0x0000000000000000      0x153 main.o
 .debug_abbrev  0x0000000000000153       0x14 /usr/lib/gcc/arm-none-eabi/6.3.1/thumb/v7e-m/fpv4-sp/softfp/libgcc.a(_arm_addsubdf3.o)
 .debug_abbrev  0x0000000000000167       0x14 /usr/lib/gcc/arm-none-eabi/6.3.1/thumb/v7e-m/fpv4-sp/softfp/libgcc.a(_arm_muldivdf3.o)
 .debug_abbrev  0x000000000000017b       0x14 /usr/lib/gcc/arm-none-eabi/6.3.1/thumb/v7e-m/fpv4-sp/softfp/libgcc.a(_arm_fixunsdfsi.o)
 .debug_abbrev  0x000000000000018f      0x158 ../../common//libstmcommon.a(system_stm32f4xx.o)
 .debug_abbrev  0x00000000000002e7      0x1b8 ../../stm_spl//libstm_spl.a(stm32f4xx_gpio.o)
 .debug_abbrev  0x000000000000049f      0x1bc ../../stm_spl//libstm_spl.a(stm32f4xx_exti.o)
 .debug_abbrev  0x000000000000065b      0x1cf ../../stm_spl//libstm_spl.a(stm32f4xx_rcc.o)
 .debug_abbrev  0x000000000000082a      0x172 ../../stm_spl//libstm_spl.a(misc.o)
 .debug_abbrev  0x000000000000099c      0x146 ../../stm_spl//libstm_spl.a(stm32f4xx_syscfg.o)
 .debug_abbrev  0x0000000000000ae2      0x19a ../../stm_spl//libstm_spl.a(stm32f4xx_tim.o)

.debug_line     0x0000000000000000     0x1e4d
 *(.debug_line)
 .debug_line    0x0000000000000000      0x205 main.o
 .debug_line    0x0000000000000205      0x189 /usr/lib/gcc/arm-none-eabi/6.3.1/thumb/v7e-m/fpv4-sp/softfp/libgcc.a(_arm_addsubdf3.o)
 .debug_line    0x000000000000038e      0x1a5 /usr/lib/gcc/arm-none-eabi/6.3.1/thumb/v7e-m/fpv4-sp/softfp/libgcc.a(_arm_muldivdf3.o)
 .debug_line    0x0000000000000533       0x7c /usr/lib/gcc/arm-none-eabi/6.3.1/thumb/v7e-m/fpv4-sp/softfp/libgcc.a(_arm_fixunsdfsi.o)
 .debug_line    0x00000000000005af      0x176 ../../common//libstmcommon.a(system_stm32f4xx.o)
 .debug_line    0x0000000000000725      0x2b0 ../../stm_spl//libstm_spl.a(stm32f4xx_gpio.o)
 .debug_line    0x00000000000009d5      0x1d8 ../../stm_spl//libstm_spl.a(stm32f4xx_exti.o)
 .debug_line    0x0000000000000bad      0x5a3 ../../stm_spl//libstm_spl.a(stm32f4xx_rcc.o)
 .debug_line    0x0000000000001150      0x17e ../../stm_spl//libstm_spl.a(misc.o)
 .debug_line    0x00000000000012ce      0x17e ../../stm_spl//libstm_spl.a(stm32f4xx_syscfg.o)
 .debug_line    0x000000000000144c      0xa01 ../../stm_spl//libstm_spl.a(stm32f4xx_tim.o)

.debug_frame    0x0000000000000000     0x1e2c
 *(.debug_frame)
 .debug_frame   0x0000000000000000       0x88 main.o
 .debug_frame   0x0000000000000088       0xac /usr/lib/gcc/arm-none-eabi/6.3.1/thumb/v7e-m/fpv4-sp/softfp/libgcc.a(_arm_addsubdf3.o)
 .debug_frame   0x0000000000000134       0x50 /usr/lib/gcc/arm-none-eabi/6.3.1/thumb/v7e-m/fpv4-sp/softfp/libgcc.a(_arm_muldivdf3.o)
 .debug_frame   0x0000000000000184       0x24 /usr/lib/gcc/arm-none-eabi/6.3.1/thumb/v7e-m/fpv4-sp/softfp/libgcc.a(_arm_fixunsdfsi.o)
 .debug_frame   0x00000000000001a8       0x7c ../../common//libstmcommon.a(system_stm32f4xx.o)
 .debug_frame   0x0000000000000224      0x23c ../../stm_spl//libstm_spl.a(stm32f4xx_gpio.o)
 .debug_frame   0x0000000000000460      0x148 ../../stm_spl//libstm_spl.a(stm32f4xx_exti.o)
 .debug_frame   0x00000000000005a8      0x83c ../../stm_spl//libstm_spl.a(stm32f4xx_rcc.o)
 .debug_frame   0x0000000000000de4       0xd8 ../../stm_spl//libstm_spl.a(misc.o)
 .debug_frame   0x0000000000000ebc      0x11c ../../stm_spl//libstm_spl.a(stm32f4xx_syscfg.o)
 .debug_frame   0x0000000000000fd8      0xe54 ../../stm_spl//libstm_spl.a(stm32f4xx_tim.o)

.debug_str      0x0000000000000000     0x2349
 *(.debug_str)
 .debug_str     0x0000000000000000      0xbeb main.o
                                        0xc4c (size before relaxing)
 .debug_str     0x0000000000000beb      0x204 ../../common//libstmcommon.a(system_stm32f4xx.o)
                                        0x3e9 (size before relaxing)
 .debug_str     0x0000000000000def      0x1b0 ../../stm_spl//libstm_spl.a(stm32f4xx_gpio.o)
                                        0x4c8 (size before relaxing)
 .debug_str     0x0000000000000f9f       0xc5 ../../stm_spl//libstm_spl.a(stm32f4xx_exti.o)
                                        0x374 (size before relaxing)
 .debug_str     0x0000000000001064      0x69b ../../stm_spl//libstm_spl.a(stm32f4xx_rcc.o)
                                        0x9ea (size before relaxing)
 .debug_str     0x00000000000016ff      0x136 ../../stm_spl//libstm_spl.a(misc.o)
                                        0x3f6 (size before relaxing)
 .debug_str     0x0000000000001835      0x152 ../../stm_spl//libstm_spl.a(stm32f4xx_syscfg.o)
                                        0x336 (size before relaxing)
 .debug_str     0x0000000000001987      0x9c2 ../../stm_spl//libstm_spl.a(stm32f4xx_tim.o)
                                        0xdf8 (size before relaxing)

.debug_loc
 *(.debug_loc)

.debug_macinfo
 *(.debug_macinfo)

.debug_weaknames
 *(.debug_weaknames)

.debug_funcnames
 *(.debug_funcnames)

.debug_typenames
 *(.debug_typenames)

.debug_varnames
 *(.debug_varnames)
OUTPUT(main.elf elf32-littlearm)

.debug_ranges   0x0000000000000000      0x610
 .debug_ranges  0x0000000000000000       0x28 main.o
 .debug_ranges  0x0000000000000028       0x20 ../../common//libstmcommon.a(system_stm32f4xx.o)
 .debug_ranges  0x0000000000000048       0x78 ../../stm_spl//libstm_spl.a(stm32f4xx_gpio.o)
 .debug_ranges  0x00000000000000c0       0x48 ../../stm_spl//libstm_spl.a(stm32f4xx_exti.o)
 .debug_ranges  0x0000000000000108      0x1b0 ../../stm_spl//libstm_spl.a(stm32f4xx_rcc.o)
 .debug_ranges  0x00000000000002b8       0x30 ../../stm_spl//libstm_spl.a(misc.o)
 .debug_ranges  0x00000000000002e8       0x40 ../../stm_spl//libstm_spl.a(stm32f4xx_syscfg.o)
 .debug_ranges  0x0000000000000328      0x2e8 ../../stm_spl//libstm_spl.a(stm32f4xx_tim.o)
