Archive member included to satisfy reference by file (symbol)

../../common//libstmcommon.a(system_stm32f4xx.o)
                              ../../common/as/startup_stm32f40_41xxx.o (SystemInit)
../../stm_spl//libstm_spl.a(stm32f4xx_gpio.o)
                              main.o (GPIO_Init)
../../stm_spl//libstm_spl.a(stm32f4xx_rcc.o)
                              main.o (RCC_AHB1PeriphClockCmd)

Discarded input sections

 .text          0x0000000000000000        0x0 main.o
 .data          0x0000000000000000        0x0 main.o
 .bss           0x0000000000000000        0x0 main.o
 .text          0x0000000000000000       0x14 ../../common/as/startup_stm32f40_41xxx.o
 .data          0x0000000000000000        0x0 ../../common/as/startup_stm32f40_41xxx.o
 .bss           0x0000000000000000        0x0 ../../common/as/startup_stm32f40_41xxx.o
 .text          0x0000000000000000        0x0 ../../common//libstmcommon.a(system_stm32f4xx.o)
 .data          0x0000000000000000        0x0 ../../common//libstmcommon.a(system_stm32f4xx.o)
 .bss           0x0000000000000000        0x0 ../../common//libstmcommon.a(system_stm32f4xx.o)
 .data.SystemCoreClock
                0x0000000000000000        0x4 ../../common//libstmcommon.a(system_stm32f4xx.o)
 .data.AHBPrescTable
                0x0000000000000000       0x10 ../../common//libstmcommon.a(system_stm32f4xx.o)
 .text.SystemCoreClockUpdate
                0x0000000000000000       0xf8 ../../common//libstmcommon.a(system_stm32f4xx.o)
 .text          0x0000000000000000        0x0 ../../stm_spl//libstm_spl.a(stm32f4xx_gpio.o)
 .data          0x0000000000000000        0x0 ../../stm_spl//libstm_spl.a(stm32f4xx_gpio.o)
 .bss           0x0000000000000000        0x0 ../../stm_spl//libstm_spl.a(stm32f4xx_gpio.o)
 .text.GPIO_DeInit
                0x0000000000000000      0x164 ../../stm_spl//libstm_spl.a(stm32f4xx_gpio.o)
 .text.GPIO_StructInit
                0x0000000000000000       0x34 ../../stm_spl//libstm_spl.a(stm32f4xx_gpio.o)
 .text.GPIO_PinLockConfig
                0x0000000000000000       0x44 ../../stm_spl//libstm_spl.a(stm32f4xx_gpio.o)
 .text.GPIO_ReadInputData
                0x0000000000000000       0x1a ../../stm_spl//libstm_spl.a(stm32f4xx_gpio.o)
 .text.GPIO_ReadOutputDataBit
                0x0000000000000000       0x34 ../../stm_spl//libstm_spl.a(stm32f4xx_gpio.o)
 .text.GPIO_ReadOutputData
                0x0000000000000000       0x1a ../../stm_spl//libstm_spl.a(stm32f4xx_gpio.o)
 .text.GPIO_WriteBit
                0x0000000000000000       0x30 ../../stm_spl//libstm_spl.a(stm32f4xx_gpio.o)
 .text.GPIO_Write
                0x0000000000000000       0x1e ../../stm_spl//libstm_spl.a(stm32f4xx_gpio.o)
 .text.GPIO_ToggleBits
                0x0000000000000000       0x24 ../../stm_spl//libstm_spl.a(stm32f4xx_gpio.o)
 .text.GPIO_PinAFConfig
                0x0000000000000000       0x92 ../../stm_spl//libstm_spl.a(stm32f4xx_gpio.o)
 .text          0x0000000000000000        0x0 ../../stm_spl//libstm_spl.a(stm32f4xx_rcc.o)
 .data          0x0000000000000000        0x0 ../../stm_spl//libstm_spl.a(stm32f4xx_rcc.o)
 .bss           0x0000000000000000        0x0 ../../stm_spl//libstm_spl.a(stm32f4xx_rcc.o)
 .data.APBAHBPrescTable
                0x0000000000000000       0x10 ../../stm_spl//libstm_spl.a(stm32f4xx_rcc.o)
 .text.RCC_DeInit
                0x0000000000000000       0x70 ../../stm_spl//libstm_spl.a(stm32f4xx_rcc.o)
 .text.RCC_HSEConfig
                0x0000000000000000       0x28 ../../stm_spl//libstm_spl.a(stm32f4xx_rcc.o)
 .text.RCC_WaitForHSEStartUp
                0x0000000000000000       0x50 ../../stm_spl//libstm_spl.a(stm32f4xx_rcc.o)
 .text.RCC_AdjustHSICalibrationValue
                0x0000000000000000       0x3c ../../stm_spl//libstm_spl.a(stm32f4xx_rcc.o)
 .text.RCC_HSICmd
                0x0000000000000000       0x20 ../../stm_spl//libstm_spl.a(stm32f4xx_rcc.o)
 .text.RCC_LSEConfig
                0x0000000000000000       0x44 ../../stm_spl//libstm_spl.a(stm32f4xx_rcc.o)
 .text.RCC_LSICmd
                0x0000000000000000       0x20 ../../stm_spl//libstm_spl.a(stm32f4xx_rcc.o)
 .text.RCC_PLLConfig
                0x0000000000000000       0x40 ../../stm_spl//libstm_spl.a(stm32f4xx_rcc.o)
 .text.RCC_PLLCmd
                0x0000000000000000       0x20 ../../stm_spl//libstm_spl.a(stm32f4xx_rcc.o)
 .text.RCC_PLLI2SConfig
                0x0000000000000000       0x2c ../../stm_spl//libstm_spl.a(stm32f4xx_rcc.o)
 .text.RCC_PLLI2SCmd
                0x0000000000000000       0x20 ../../stm_spl//libstm_spl.a(stm32f4xx_rcc.o)
 .text.RCC_PLLSAIConfig
                0x0000000000000000       0x34 ../../stm_spl//libstm_spl.a(stm32f4xx_rcc.o)
 .text.RCC_PLLSAICmd
                0x0000000000000000       0x20 ../../stm_spl//libstm_spl.a(stm32f4xx_rcc.o)
 .text.RCC_ClockSecuritySystemCmd
                0x0000000000000000       0x20 ../../stm_spl//libstm_spl.a(stm32f4xx_rcc.o)
 .text.RCC_MCO1Config
                0x0000000000000000       0x40 ../../stm_spl//libstm_spl.a(stm32f4xx_rcc.o)
 .text.RCC_MCO2Config
                0x0000000000000000       0x40 ../../stm_spl//libstm_spl.a(stm32f4xx_rcc.o)
 .text.RCC_SYSCLKConfig
                0x0000000000000000       0x38 ../../stm_spl//libstm_spl.a(stm32f4xx_rcc.o)
 .text.RCC_GetSYSCLKSource
                0x0000000000000000       0x20 ../../stm_spl//libstm_spl.a(stm32f4xx_rcc.o)
 .text.RCC_HCLKConfig
                0x0000000000000000       0x38 ../../stm_spl//libstm_spl.a(stm32f4xx_rcc.o)
 .text.RCC_PCLK1Config
                0x0000000000000000       0x38 ../../stm_spl//libstm_spl.a(stm32f4xx_rcc.o)
 .text.RCC_PCLK2Config
                0x0000000000000000       0x3c ../../stm_spl//libstm_spl.a(stm32f4xx_rcc.o)
 .text.RCC_GetClocksFreq
                0x0000000000000000      0x150 ../../stm_spl//libstm_spl.a(stm32f4xx_rcc.o)
 .text.RCC_RTCCLKConfig
                0x0000000000000000       0x5c ../../stm_spl//libstm_spl.a(stm32f4xx_rcc.o)
 .text.RCC_RTCCLKCmd
                0x0000000000000000       0x20 ../../stm_spl//libstm_spl.a(stm32f4xx_rcc.o)
 .text.RCC_BackupResetCmd
                0x0000000000000000       0x20 ../../stm_spl//libstm_spl.a(stm32f4xx_rcc.o)
 .text.RCC_I2SCLKConfig
                0x0000000000000000       0x20 ../../stm_spl//libstm_spl.a(stm32f4xx_rcc.o)
 .text.RCC_SAIBlockACLKConfig
                0x0000000000000000       0x3c ../../stm_spl//libstm_spl.a(stm32f4xx_rcc.o)
 .text.RCC_SAIBlockBCLKConfig
                0x0000000000000000       0x3c ../../stm_spl//libstm_spl.a(stm32f4xx_rcc.o)
 .text.RCC_SAIPLLI2SClkDivConfig
                0x0000000000000000       0x40 ../../stm_spl//libstm_spl.a(stm32f4xx_rcc.o)
 .text.RCC_SAIPLLSAIClkDivConfig
                0x0000000000000000       0x40 ../../stm_spl//libstm_spl.a(stm32f4xx_rcc.o)
 .text.RCC_LTDCCLKDivConfig
                0x0000000000000000       0x3c ../../stm_spl//libstm_spl.a(stm32f4xx_rcc.o)
 .text.RCC_TIMCLKPresConfig
                0x0000000000000000       0x20 ../../stm_spl//libstm_spl.a(stm32f4xx_rcc.o)
 .text.RCC_AHB2PeriphClockCmd
                0x0000000000000000       0x40 ../../stm_spl//libstm_spl.a(stm32f4xx_rcc.o)
 .text.RCC_AHB3PeriphClockCmd
                0x0000000000000000       0x40 ../../stm_spl//libstm_spl.a(stm32f4xx_rcc.o)
 .text.RCC_APB1PeriphClockCmd
                0x0000000000000000       0x40 ../../stm_spl//libstm_spl.a(stm32f4xx_rcc.o)
 .text.RCC_APB2PeriphClockCmd
                0x0000000000000000       0x40 ../../stm_spl//libstm_spl.a(stm32f4xx_rcc.o)
 .text.RCC_AHB1PeriphResetCmd
                0x0000000000000000       0x40 ../../stm_spl//libstm_spl.a(stm32f4xx_rcc.o)
 .text.RCC_AHB2PeriphResetCmd
                0x0000000000000000       0x40 ../../stm_spl//libstm_spl.a(stm32f4xx_rcc.o)
 .text.RCC_AHB3PeriphResetCmd
                0x0000000000000000       0x40 ../../stm_spl//libstm_spl.a(stm32f4xx_rcc.o)
 .text.RCC_APB1PeriphResetCmd
                0x0000000000000000       0x40 ../../stm_spl//libstm_spl.a(stm32f4xx_rcc.o)
 .text.RCC_APB2PeriphResetCmd
                0x0000000000000000       0x40 ../../stm_spl//libstm_spl.a(stm32f4xx_rcc.o)
 .text.RCC_AHB1PeriphClockLPModeCmd
                0x0000000000000000       0x40 ../../stm_spl//libstm_spl.a(stm32f4xx_rcc.o)
 .text.RCC_AHB2PeriphClockLPModeCmd
                0x0000000000000000       0x40 ../../stm_spl//libstm_spl.a(stm32f4xx_rcc.o)
 .text.RCC_AHB3PeriphClockLPModeCmd
                0x0000000000000000       0x40 ../../stm_spl//libstm_spl.a(stm32f4xx_rcc.o)
 .text.RCC_APB1PeriphClockLPModeCmd
                0x0000000000000000       0x40 ../../stm_spl//libstm_spl.a(stm32f4xx_rcc.o)
 .text.RCC_APB2PeriphClockLPModeCmd
                0x0000000000000000       0x40 ../../stm_spl//libstm_spl.a(stm32f4xx_rcc.o)
 .text.RCC_LSEModeConfig
                0x0000000000000000       0x3c ../../stm_spl//libstm_spl.a(stm32f4xx_rcc.o)
 .text.RCC_ITConfig
                0x0000000000000000       0x4c ../../stm_spl//libstm_spl.a(stm32f4xx_rcc.o)
 .text.RCC_GetFlagStatus
                0x0000000000000000       0x74 ../../stm_spl//libstm_spl.a(stm32f4xx_rcc.o)
 .text.RCC_ClearFlag
                0x0000000000000000       0x20 ../../stm_spl//libstm_spl.a(stm32f4xx_rcc.o)
 .text.RCC_GetITStatus
                0x0000000000000000       0x38 ../../stm_spl//libstm_spl.a(stm32f4xx_rcc.o)
 .text.RCC_ClearITPendingBit
                0x0000000000000000       0x20 ../../stm_spl//libstm_spl.a(stm32f4xx_rcc.o)

Memory Configuration

Name             Origin             Length             Attributes
RAM              0x0000000020000000 0x0000000000020000 xrw
CCMRAM           0x0000000010000000 0x0000000000010000 xrw
FLASH            0x0000000008000000 0x0000000000100000 xr
FLASHB1          0x0000000000000000 0x0000000000000000 xr
EXTMEMB0         0x0000000000000000 0x0000000000000000 xr
EXTMEMB1         0x0000000000000000 0x0000000000000000 xr
EXTMEMB2         0x0000000000000000 0x0000000000000000 xr
EXTMEMB3         0x0000000000000000 0x0000000000000000 xr
MEMORY_ARRAY     0x0000000020002000 0x0000000000000020 xrw
*default*        0x0000000000000000 0xffffffffffffffff

Linker script and memory map

LOAD main.o
LOAD ../../common/as/startup_stm32f40_41xxx.o
START GROUP
LOAD /usr/lib/gcc/arm-none-eabi/6.3.1/../../../arm-none-eabi/lib/libc.a
LOAD /usr/lib/gcc/arm-none-eabi/6.3.1/thumb/v7e-m/fpv4-sp/softfp/libgcc.a
LOAD /usr/lib/gcc/arm-none-eabi/6.3.1/../../../arm-none-eabi/lib/libnosys.a
LOAD /usr/lib/gcc/arm-none-eabi/6.3.1/../../../arm-none-eabi/lib/libm.a
END GROUP
LOAD ../../common//libstmcommon.a
LOAD ../../stm_spl//libstm_spl.a
START GROUP
LOAD /usr/lib/gcc/arm-none-eabi/6.3.1/thumb/v7e-m/fpv4-sp/softfp/libgcc.a
LOAD /usr/lib/gcc/arm-none-eabi/6.3.1/../../../arm-none-eabi/lib/libc.a
END GROUP
                0x0000000000004000                __Stack_Size = 0x4000
                [!provide]                        PROVIDE (_Stack_Size, __Stack_Size)
                0x000000002001c000                __Stack_Init = (_estack - __Stack_Size)
                [!provide]                        PROVIDE (_Stack_Init, __Stack_Init)
                0x0000000000004000                _Minimum_Stack_Size = 0x4000
                0x0000000020020000                _estack = 0x20020000

.isr_vector     0x0000000008000000      0x188
                0x0000000008000000                . = ALIGN (0x4)
 *(.isr_vector)
 .isr_vector    0x0000000008000000      0x188 ../../common/as/startup_stm32f40_41xxx.o
                0x0000000008000000                g_pfnVectors
                0x0000000008000188                . = ALIGN (0x4)

.flashtext      0x0000000008000188        0x0
                0x0000000008000188                . = ALIGN (0x4)
 *(.flashtext)
                0x0000000008000188                . = ALIGN (0x4)

.text           0x0000000008000188      0x638
                0x0000000008000188                . = ALIGN (0x4)
 *(.text)
 *(.text.*)
 .text.main     0x0000000008000188      0x298 main.o
                0x0000000008000188                main
 .text.Reset_Handler
                0x0000000008000420       0x44 ../../common/as/startup_stm32f40_41xxx.o
                0x0000000008000420                Reset_Handler
 .text.Default_Handler
                0x0000000008000464        0x2 ../../common/as/startup_stm32f40_41xxx.o
                0x0000000008000464                RTC_Alarm_IRQHandler
                0x0000000008000464                HASH_RNG_IRQHandler
                0x0000000008000464                EXTI2_IRQHandler
                0x0000000008000464                TIM8_CC_IRQHandler
                0x0000000008000464                DebugMon_Handler
                0x0000000008000464                TIM1_CC_IRQHandler
                0x0000000008000464                DMA2_Stream5_IRQHandler
                0x0000000008000464                HardFault_Handler
                0x0000000008000464                DMA1_Stream5_IRQHandler
                0x0000000008000464                SysTick_Handler
                0x0000000008000464                PVD_IRQHandler
                0x0000000008000464                SDIO_IRQHandler
                0x0000000008000464                TAMP_STAMP_IRQHandler
                0x0000000008000464                PendSV_Handler
                0x0000000008000464                NMI_Handler
                0x0000000008000464                CAN2_RX1_IRQHandler
                0x0000000008000464                EXTI3_IRQHandler
                0x0000000008000464                TIM8_TRG_COM_TIM14_IRQHandler
                0x0000000008000464                TIM1_UP_TIM10_IRQHandler
                0x0000000008000464                TIM8_UP_TIM13_IRQHandler
                0x0000000008000464                I2C3_ER_IRQHandler
                0x0000000008000464                EXTI0_IRQHandler
                0x0000000008000464                I2C2_EV_IRQHandler
                0x0000000008000464                DMA1_Stream2_IRQHandler
                0x0000000008000464                CAN1_RX0_IRQHandler
                0x0000000008000464                FPU_IRQHandler
                0x0000000008000464                OTG_HS_WKUP_IRQHandler
                0x0000000008000464                UsageFault_Handler
                0x0000000008000464                CAN2_SCE_IRQHandler
                0x0000000008000464                DMA2_Stream2_IRQHandler
                0x0000000008000464                SPI1_IRQHandler
                0x0000000008000464                TIM6_DAC_IRQHandler
                0x0000000008000464                TIM1_BRK_TIM9_IRQHandler
                0x0000000008000464                DCMI_IRQHandler
                0x0000000008000464                CAN2_RX0_IRQHandler
                0x0000000008000464                DMA2_Stream3_IRQHandler
                0x0000000008000464                USART6_IRQHandler
                0x0000000008000464                USART3_IRQHandler
                0x0000000008000464                CRYP_IRQHandler
                0x0000000008000464                CAN1_RX1_IRQHandler
                0x0000000008000464                UART5_IRQHandler
                0x0000000008000464                DMA2_Stream0_IRQHandler
                0x0000000008000464                TIM4_IRQHandler
                0x0000000008000464                I2C1_EV_IRQHandler
                0x0000000008000464                DMA1_Stream6_IRQHandler
                0x0000000008000464                DMA1_Stream1_IRQHandler
                0x0000000008000464                UART4_IRQHandler
                0x0000000008000464                TIM3_IRQHandler
                0x0000000008000464                RCC_IRQHandler
                0x0000000008000464                TIM8_BRK_TIM12_IRQHandler
                0x0000000008000464                Default_Handler
                0x0000000008000464                EXTI15_10_IRQHandler
                0x0000000008000464                ADC_IRQHandler
                0x0000000008000464                DMA1_Stream7_IRQHandler
                0x0000000008000464                TIM7_IRQHandler
                0x0000000008000464                CAN2_TX_IRQHandler
                0x0000000008000464                TIM5_IRQHandler
                0x0000000008000464                DMA2_Stream7_IRQHandler
                0x0000000008000464                I2C3_EV_IRQHandler
                0x0000000008000464                EXTI9_5_IRQHandler
                0x0000000008000464                RTC_WKUP_IRQHandler
                0x0000000008000464                ETH_WKUP_IRQHandler
                0x0000000008000464                SPI2_IRQHandler
                0x0000000008000464                OTG_HS_EP1_IN_IRQHandler
                0x0000000008000464                MemManage_Handler
                0x0000000008000464                DMA1_Stream0_IRQHandler
                0x0000000008000464                CAN1_TX_IRQHandler
                0x0000000008000464                SVC_Handler
                0x0000000008000464                EXTI4_IRQHandler
                0x0000000008000464                FSMC_IRQHandler
                0x0000000008000464                ETH_IRQHandler
                0x0000000008000464                OTG_HS_EP1_OUT_IRQHandler
                0x0000000008000464                WWDG_IRQHandler
                0x0000000008000464                TIM2_IRQHandler
                0x0000000008000464                OTG_FS_WKUP_IRQHandler
                0x0000000008000464                TIM1_TRG_COM_TIM11_IRQHandler
                0x0000000008000464                OTG_HS_IRQHandler
                0x0000000008000464                EXTI1_IRQHandler
                0x0000000008000464                USART2_IRQHandler
                0x0000000008000464                I2C2_ER_IRQHandler
                0x0000000008000464                DMA2_Stream1_IRQHandler
                0x0000000008000464                CAN1_SCE_IRQHandler
                0x0000000008000464                FLASH_IRQHandler
                0x0000000008000464                DMA2_Stream4_IRQHandler
                0x0000000008000464                BusFault_Handler
                0x0000000008000464                USART1_IRQHandler
                0x0000000008000464                OTG_FS_IRQHandler
                0x0000000008000464                SPI3_IRQHandler
                0x0000000008000464                DMA1_Stream4_IRQHandler
                0x0000000008000464                I2C1_ER_IRQHandler
                0x0000000008000464                DMA2_Stream6_IRQHandler
                0x0000000008000464                DMA1_Stream3_IRQHandler
 *fill*         0x0000000008000466        0x2 
 .text.SystemInit
                0x0000000008000468       0x6c ../../common//libstmcommon.a(system_stm32f4xx.o)
                0x0000000008000468                SystemInit
 .text.SetSysClock
                0x00000000080004d4       0xf8 ../../common//libstmcommon.a(system_stm32f4xx.o)
 .text.GPIO_Init
                0x00000000080005cc      0x11c ../../stm_spl//libstm_spl.a(stm32f4xx_gpio.o)
                0x00000000080005cc                GPIO_Init
 .text.GPIO_ReadInputDataBit
                0x00000000080006e8       0x34 ../../stm_spl//libstm_spl.a(stm32f4xx_gpio.o)
                0x00000000080006e8                GPIO_ReadInputDataBit
 .text.GPIO_SetBits
                0x000000000800071c       0x1e ../../stm_spl//libstm_spl.a(stm32f4xx_gpio.o)
                0x000000000800071c                GPIO_SetBits
 .text.GPIO_ResetBits
                0x000000000800073a       0x1e ../../stm_spl//libstm_spl.a(stm32f4xx_gpio.o)
                0x000000000800073a                GPIO_ResetBits
 .text.RCC_AHB1PeriphClockCmd
                0x0000000008000758       0x40 ../../stm_spl//libstm_spl.a(stm32f4xx_rcc.o)
                0x0000000008000758                RCC_AHB1PeriphClockCmd
 *(.rodata)
 .rodata        0x0000000008000798       0x28 main.o
 *(.rodata*)
 *(.glue_7)
 .glue_7        0x00000000080007c0        0x0 linker stubs
 *(.glue_7t)
 .glue_7t       0x00000000080007c0        0x0 linker stubs
                0x00000000080007c0                . = ALIGN (0x4)
                0x00000000080007c0                _etext = .
                0x00000000080007c0                _sidata = _etext

.vfp11_veneer   0x00000000080007c0        0x0
 .vfp11_veneer  0x00000000080007c0        0x0 linker stubs

.v4_bx          0x00000000080007c0        0x0
 .v4_bx         0x00000000080007c0        0x0 linker stubs

.iplt           0x00000000080007c0        0x0
 .iplt          0x00000000080007c0        0x0 main.o

.rel.dyn        0x00000000080007c0        0x0
 .rel.iplt      0x00000000080007c0        0x0 main.o

.ROarraySection
 *(.ROarraySection)

.data           0x0000000020000000        0x0 load address 0x00000000080007c0
                0x0000000020000000                . = ALIGN (0x4)
                0x0000000020000000                _sdata = .
 *(.data)
 *(.data.*)
                0x0000000020000000                . = ALIGN (0x4)
                0x0000000020000000                _edata = .

.igot.plt       0x0000000020000000        0x0
 .igot.plt      0x0000000020000000        0x0 main.o

.bss            0x0000000020000000        0x0
                0x0000000020000000                . = ALIGN (0x4)
                0x0000000020000000                _sbss = .
 *(.bss)
 *(COMMON)
                0x0000000020000000                . = ALIGN (0x4)
                0x0000000020000000                _ebss = .
                [!provide]                        PROVIDE (end, _ebss)
                [!provide]                        PROVIDE (_end, _ebss)

._usrstack      0x0000000020000000     0x4000
                0x0000000020000000                . = ALIGN (0x4)
                0x0000000020000000                _susrstack = .
                0x0000000020004000                . = (. + _Minimum_Stack_Size)
 *fill*         0x0000000020000000     0x4000 
                0x0000000020004000                . = ALIGN (0x4)
                0x0000000020004000                _eusrstack = .

.b1text
 *(.b1text)
 *(.b1rodata)
 *(.b1rodata*)

.eb0text
 *(.eb0text)
 *(.eb0rodata)
 *(.eb0rodata*)

.eb1text
 *(.eb1text)
 *(.eb1rodata)
 *(.eb1rodata*)

.eb2text
 *(.eb2text)
 *(.eb2rodata)
 *(.eb2rodata*)

.eb3text
 *(.eb3text)
 *(.eb3rodata)
 *(.eb3rodata*)

DISCARD
 libc.a(*)
 libm.a(*)
 libgcc.a(*)

.stab
 *(.stab)

.stabstr
 *(.stabstr)

.stab.excl
 *(.stab.excl)

.stab.exclstr
 *(.stab.exclstr)

.stab.index
 *(.stab.index)

.stab.indexstr
 *(.stab.indexstr)

.comment        0x0000000000000000       0x31
 *(.comment)
 .comment       0x0000000000000000       0x31 main.o
                                         0x32 (size before relaxing)
 .comment       0x0000000000000031       0x32 ../../common//libstmcommon.a(system_stm32f4xx.o)
 .comment       0x0000000000000031       0x32 ../../stm_spl//libstm_spl.a(stm32f4xx_gpio.o)
 .comment       0x0000000000000031       0x32 ../../stm_spl//libstm_spl.a(stm32f4xx_rcc.o)

.ARM.attributes
                0x0000000000000000       0x35
 .ARM.attributes
                0x0000000000000000       0x37 main.o
 .ARM.attributes
                0x0000000000000037       0x21 ../../common/as/startup_stm32f40_41xxx.o
 .ARM.attributes
                0x0000000000000058       0x37 ../../common//libstmcommon.a(system_stm32f4xx.o)
 .ARM.attributes
                0x000000000000008f       0x37 ../../stm_spl//libstm_spl.a(stm32f4xx_gpio.o)
 .ARM.attributes
                0x00000000000000c6       0x37 ../../stm_spl//libstm_spl.a(stm32f4xx_rcc.o)

.debug
 *(.debug)

.line
 *(.line)

.debug_srcinfo
 *(.debug_srcinfo)

.debug_sfnames
 *(.debug_sfnames)

.debug_aranges  0x0000000000000000      0x298
 *(.debug_aranges)
 .debug_aranges
                0x0000000000000000       0x20 main.o
 .debug_aranges
                0x0000000000000020       0x30 ../../common//libstmcommon.a(system_stm32f4xx.o)
 .debug_aranges
                0x0000000000000050       0x88 ../../stm_spl//libstm_spl.a(stm32f4xx_gpio.o)
 .debug_aranges
                0x00000000000000d8      0x1c0 ../../stm_spl//libstm_spl.a(stm32f4xx_rcc.o)

.debug_pubnames
 *(.debug_pubnames)

.debug_info     0x0000000000000000     0x1e45
 *(.debug_info .gnu.linkonce.wi.*)
 .debug_info    0x0000000000000000      0x3a5 main.o
 .debug_info    0x00000000000003a5      0x611 ../../common//libstmcommon.a(system_stm32f4xx.o)
 .debug_info    0x00000000000009b6      0x628 ../../stm_spl//libstm_spl.a(stm32f4xx_gpio.o)
 .debug_info    0x0000000000000fde      0xe67 ../../stm_spl//libstm_spl.a(stm32f4xx_rcc.o)

.debug_abbrev   0x0000000000000000      0x61a
 *(.debug_abbrev)
 .debug_abbrev  0x0000000000000000      0x13b main.o
 .debug_abbrev  0x000000000000013b      0x158 ../../common//libstmcommon.a(system_stm32f4xx.o)
 .debug_abbrev  0x0000000000000293      0x1b8 ../../stm_spl//libstm_spl.a(stm32f4xx_gpio.o)
 .debug_abbrev  0x000000000000044b      0x1cf ../../stm_spl//libstm_spl.a(stm32f4xx_rcc.o)

.debug_line     0x0000000000000000      0xb83
 *(.debug_line)
 .debug_line    0x0000000000000000      0x1ba main.o
 .debug_line    0x00000000000001ba      0x176 ../../common//libstmcommon.a(system_stm32f4xx.o)
 .debug_line    0x0000000000000330      0x2b0 ../../stm_spl//libstm_spl.a(stm32f4xx_gpio.o)
 .debug_line    0x00000000000005e0      0x5a3 ../../stm_spl//libstm_spl.a(stm32f4xx_rcc.o)

.debug_frame    0x0000000000000000      0xb28
 *(.debug_frame)
 .debug_frame   0x0000000000000000       0x34 main.o
 .debug_frame   0x0000000000000034       0x7c ../../common//libstmcommon.a(system_stm32f4xx.o)
 .debug_frame   0x00000000000000b0      0x23c ../../stm_spl//libstm_spl.a(stm32f4xx_gpio.o)
 .debug_frame   0x00000000000002ec      0x83c ../../stm_spl//libstm_spl.a(stm32f4xx_rcc.o)

.debug_str      0x0000000000000000      0xe17
 *(.debug_str)
 .debug_str     0x0000000000000000      0x36c main.o
                                        0x3c7 (size before relaxing)
 .debug_str     0x000000000000036c      0x24a ../../common//libstmcommon.a(system_stm32f4xx.o)
                                        0x3e9 (size before relaxing)
 .debug_str     0x00000000000005b6      0x1b6 ../../stm_spl//libstm_spl.a(stm32f4xx_gpio.o)
                                        0x4c8 (size before relaxing)
 .debug_str     0x000000000000076c      0x6ab ../../stm_spl//libstm_spl.a(stm32f4xx_rcc.o)
                                        0x9ea (size before relaxing)

.debug_loc
 *(.debug_loc)

.debug_macinfo
 *(.debug_macinfo)

.debug_weaknames
 *(.debug_weaknames)

.debug_funcnames
 *(.debug_funcnames)

.debug_typenames
 *(.debug_typenames)

.debug_varnames
 *(.debug_varnames)
OUTPUT(main.elf elf32-littlearm)

.debug_ranges   0x0000000000000000      0x258
 .debug_ranges  0x0000000000000000       0x10 main.o
 .debug_ranges  0x0000000000000010       0x20 ../../common//libstmcommon.a(system_stm32f4xx.o)
 .debug_ranges  0x0000000000000030       0x78 ../../stm_spl//libstm_spl.a(stm32f4xx_gpio.o)
 .debug_ranges  0x00000000000000a8      0x1b0 ../../stm_spl//libstm_spl.a(stm32f4xx_rcc.o)
